Modules list:
-------------
main.o:
    CODE              Offs=000000  Size=0001B7  Align=00001  Fill=0000
    RODATA            Offs=000000  Size=000023  Align=00001  Fill=0000
    BSS               Offs=000000  Size=000020  Align=00001  Fill=0000
/usr/share/cc65/lib/lynx.lib(_hextab.o):
    RODATA            Offs=000023  Size=000010  Align=00001  Fill=0000
/usr/share/cc65/lib/lynx.lib(addysp.o):
    CODE              Offs=0001B7  Size=00000E  Align=00001  Fill=0000
/usr/share/cc65/lib/lynx.lib(bootldr.o):
    BOOTLDR           Offs=000000  Size=0000CB  Align=00001  Fill=0000
/usr/share/cc65/lib/lynx.lib(callirq.o):
    DATA              Offs=000000  Size=00001E  Align=00001  Fill=0000
/usr/share/cc65/lib/lynx.lib(callmain.o):
    CODE              Offs=0001C5  Size=000017  Align=00001  Fill=0000
    DATA              Offs=00001E  Size=000004  Align=00001  Fill=0000
/usr/share/cc65/lib/lynx.lib(condes.o):
    CODE              Offs=0001DC  Size=00000C  Align=00001  Fill=0000
    DATA              Offs=000022  Size=000025  Align=00001  Fill=0000
    ONCE              Offs=000000  Size=00000C  Align=00001  Fill=0000
/usr/share/cc65/lib/lynx.lib(crt0.o):
    RODATA            Offs=000033  Size=00002C  Align=00001  Fill=0000
    STARTUP           Offs=000000  Size=00006D  Align=00001  Fill=0000
/usr/share/cc65/lib/lynx.lib(decax1.o):
    CODE              Offs=0001E8  Size=000007  Align=00001  Fill=0000
/usr/share/cc65/lib/lynx.lib(defdir.o):
    DIRECTORY         Offs=000000  Size=000008  Align=00001  Fill=0000
/usr/share/cc65/lib/lynx.lib(exehdr.o):
    EXEHDR            Offs=000000  Size=000040  Align=00001  Fill=0000
/usr/share/cc65/lib/lynx.lib(extzp.o):
    EXTZP             Offs=000000  Size=000011  Align=00001  Fill=0000
/usr/share/cc65/lib/lynx.lib(imul16x16r32.o):
    CODE              Offs=0001EF  Size=00002B  Align=00001  Fill=0000
/usr/share/cc65/lib/lynx.lib(incsp2.o):
    CODE              Offs=00021A  Size=000015  Align=00001  Fill=0000
/usr/share/cc65/lib/lynx.lib(irq.o):
    CODE              Offs=00022F  Size=000001  Align=00001  Fill=0000
    ONCE              Offs=00000C  Size=00000D  Align=00001  Fill=0000
    LOWCODE           Offs=000000  Size=000010  Align=00001  Fill=0000
/usr/share/cc65/lib/lynx.lib(itoa.o):
    CODE              Offs=000230  Size=000094  Align=00001  Fill=0000
    RODATA            Offs=00005F  Size=000007  Align=00001  Fill=0000
/usr/share/cc65/lib/lynx.lib(libref.o):
/usr/share/cc65/lib/lynx.lib(lneg.o):
    CODE              Offs=0002C4  Size=00001E  Align=00001  Fill=0000
/usr/share/cc65/lib/lynx.lib(negabs.o):
    CODE              Offs=0002E2  Size=000012  Align=00001  Fill=0000
/usr/share/cc65/lib/lynx.lib(popa.o):
    CODE              Offs=0002F4  Size=00000A  Align=00001  Fill=0000
/usr/share/cc65/lib/lynx.lib(pusha.o):
    CODE              Offs=0002FE  Size=000016  Align=00001  Fill=0000
/usr/share/cc65/lib/lynx.lib(pushax.o):
    CODE              Offs=000314  Size=00001A  Align=00001  Fill=0000
/usr/share/cc65/lib/lynx.lib(return0.o):
    CODE              Offs=00032E  Size=000004  Align=00001  Fill=0000
/usr/share/cc65/lib/lynx.lib(ser-kernel.o):
    CODE              Offs=000332  Size=000079  Align=00001  Fill=0000
    RODATA            Offs=000066  Size=000004  Align=00001  Fill=0000
    BSS               Offs=000020  Size=000002  Align=00001  Fill=0000
    DATA              Offs=000047  Size=00001B  Align=00001  Fill=0000
/usr/share/cc65/lib/lynx.lib(ser_get.o):
    CODE              Offs=0003AB  Size=000007  Align=00001  Fill=0000
/usr/share/cc65/lib/lynx.lib(ser_open.o):
    CODE              Offs=0003B2  Size=000007  Align=00001  Fill=0000
/usr/share/cc65/lib/lynx.lib(ser_stat_stddrv.o):
/usr/share/cc65/lib/lynx.lib(ser_status.o):
    CODE              Offs=0003B9  Size=000007  Align=00001  Fill=0000
/usr/share/cc65/lib/lynx.lib(strlen.o):
    CODE              Offs=0003C0  Size=000016  Align=00001  Fill=0000
/usr/share/cc65/lib/lynx.lib(tgi-kernel.o):
    CODE              Offs=0003D6  Size=00007F  Align=00001  Fill=0000
    RODATA            Offs=00006A  Size=000004  Align=00001  Fill=0000
    BSS               Offs=000022  Size=000028  Align=00001  Fill=0000
    DATA              Offs=000062  Size=000039  Align=00001  Fill=0000
/usr/share/cc65/lib/lynx.lib(tgi_clear.o):
/usr/share/cc65/lib/lynx.lib(tgi_clippedline.o):
    CODE              Offs=000455  Size=0001E3  Align=00001  Fill=0000
    BSS               Offs=00004A  Size=000008  Align=00001  Fill=0000
/usr/share/cc65/lib/lynx.lib(tgi_colors.o):
/usr/share/cc65/lib/lynx.lib(tgi_curtoxy.o):
    CODE              Offs=000638  Size=000015  Align=00001  Fill=0000
/usr/share/cc65/lib/lynx.lib(tgi_done.o):
    CODE              Offs=00064D  Size=00000E  Align=00001  Fill=0000
/usr/share/cc65/lib/lynx.lib(tgi_getdefpalette.o):
/usr/share/cc65/lib/lynx.lib(tgi_gettextwidth.o):
    CODE              Offs=00065B  Size=000057  Align=00001  Fill=0000
/usr/share/cc65/lib/lynx.lib(tgi_getxres.o):
    CODE              Offs=0006B2  Size=000007  Align=00001  Fill=0000
/usr/share/cc65/lib/lynx.lib(tgi_getyres.o):
    CODE              Offs=0006B9  Size=000007  Align=00001  Fill=0000
/usr/share/cc65/lib/lynx.lib(tgi_imulround.o):
    CODE              Offs=0006C0  Size=000025  Align=00001  Fill=0000
/usr/share/cc65/lib/lynx.lib(tgi_init.o):
    CODE              Offs=0006E5  Size=000058  Align=00001  Fill=0000
/usr/share/cc65/lib/lynx.lib(tgi_ioctl.o):
    CODE              Offs=00073D  Size=00000A  Align=00001  Fill=0000
/usr/share/cc65/lib/lynx.lib(tgi_irq.o):
    DATA              Offs=00009B  Size=000003  Align=00001  Fill=0000
/usr/share/cc65/lib/lynx.lib(tgi_outcode.o):
    CODE              Offs=000747  Size=000041  Align=00001  Fill=0000
    BSS               Offs=000052  Size=000008  Align=00001  Fill=0000
/usr/share/cc65/lib/lynx.lib(tgi_outtext.o):
    CODE              Offs=000788  Size=000091  Align=00001  Fill=0000
/usr/share/cc65/lib/lynx.lib(tgi_outtextxy.o):
    CODE              Offs=000819  Size=000021  Align=00001  Fill=0000
/usr/share/cc65/lib/lynx.lib(tgi_setcolor.o):
    CODE              Offs=00083A  Size=000013  Align=00001  Fill=0000
/usr/share/cc65/lib/lynx.lib(tgi_setpalette.o):
    CODE              Offs=00084D  Size=000007  Align=00001  Fill=0000
/usr/share/cc65/lib/lynx.lib(tgi_settextstyle.o):
    CODE              Offs=000854  Size=000042  Align=00001  Fill=0000
/usr/share/cc65/lib/lynx.lib(tgi_stat_stddrv.o):
/usr/share/cc65/lib/lynx.lib(tgi_vectorchar.o):
    CODE              Offs=000896  Size=0000D5  Align=00001  Fill=0000
    BSS               Offs=00005A  Size=000008  Align=00001  Fill=0000
/usr/share/cc65/lib/lynx.lib(toascii.o):
    CODE              Offs=00096B  Size=000003  Align=00001  Fill=0000
/usr/share/cc65/lib/lynx.lib(udiv32by16r16.o):
    CODE              Offs=00096E  Size=000031  Align=00001  Fill=0000
/usr/share/cc65/lib/lynx.lib(umul16x16r32.o):
    CODE              Offs=00099F  Size=00002C  Align=00001  Fill=0000
/usr/share/cc65/lib/lynx.lib(umul8x16r24.o):
    CODE              Offs=0009CB  Size=00002B  Align=00001  Fill=0000
/usr/share/cc65/lib/lynx.lib(zerobss.o):
    CODE              Offs=0009F6  Size=000023  Align=00001  Fill=0000
/usr/share/cc65/lib/lynx.lib(zeropage.o):
    ZEROPAGE          Offs=000000  Size=00001A  Align=00001  Fill=0000
/usr/share/cc65/lib/lynx.lib(lynx-comlynx-ser.o):
    CODE              Offs=000A19  Size=0001BD  Align=00001  Fill=0000
    BSS               Offs=000062  Size=000207  Align=00001  Fill=0000
    DATA              Offs=00009E  Size=000018  Align=00001  Fill=0000
/usr/share/cc65/lib/lynx.lib(lynx-160-102-16-tgi.o):
    CODE              Offs=000BD6  Size=00039E  Align=00001  Fill=0000
    RODATA            Offs=00006E  Size=000324  Align=00001  Fill=0000
    BSS               Offs=000269  Size=0000BD  Align=00001  Fill=0000
    DATA              Offs=0000B6  Size=000090  Align=00001  Fill=0000


Segment list:
-------------
Name                   Start     End    Size  Align
----------------------------------------------------
DIRECTORY             000000  000007  000008  00001
EXEHDR                000000  00003F  000040  00001
ZEROPAGE              000000  000019  00001A  00001
EXTZP                 00001A  00002A  000011  00001
BOOTLDR               000200  0002CA  0000CB  00001
STARTUP               000200  00026C  00006D  00001
LOWCODE               00026D  00027C  000010  00001
ONCE                  00027D  000297  00001B  00001
CODE                  000298  00120B  000F74  00001
RODATA                00120C  0015A5  00039A  00001
DATA                  0015A6  0016EB  000146  00001
BSS                   0016EC  001A11  000326  00001


Exports list by name:
---------------------
_FileBlockByte            000027 RLZ    _FileBlockOffset          00001F RLZ    
_FileCurrBlock            000026 RLZ    _FileDestAddr             000022 RLZ    
_FileDestPtr              000029 RLZ    _FileEntry                00001E RLZ    
_FileFileLen              000024 RLZ    _FileStartBlock           00001E RLZ    
__BANK0BLOCKSIZE__        000400 REA    __BANK1BLOCKSIZE__        000000 REA    
__BOOTLDR__               000001 REA    __BSS_LOAD__              0016EC RLA    
__BSS_RUN__               0016EC RLA    __BSS_SIZE__              000326 REA    
__CALLIRQ__               000001 REA    __CONSTRUCTOR_COUNT__     000001 REA    
__CONSTRUCTOR_TABLE__     000296 RLA    __DEFDIR__                000001 REA    
__DESTRUCTOR_COUNT__      000002 REA    __DESTRUCTOR_TABLE__      00159E RLA    
__EXEHDR__                000001 REA    __INTERRUPTOR_COUNT__     000002 REA    
__INTERRUPTOR_TABLE__     0015A2 RLA    __MAIN_SIZE__             00B638 REA    
__MAIN_START__            000200 RLA    __STACKSIZE__             000800 REA    
__STARTOFDIRECTORY__      0000CB REA    __STARTUP_LOAD__          000200 RLA    
__STARTUP__               000001 REA    __hextab                  00122F RLA    
__iodat                   00001A RLZ    __iodir                   00001B RLZ    
__sprsys                  00001D RLZ    __viddma                  00001C RLZ    
_exit                     000268 RLA    _itoa                     0004E6 RLA    
_lynx_160_102_16_tgi      00165C RLA    _lynx_comlynx_ser         001644 RLA    
_main                     0003A9 RLA    _ser_get                  000643 RLA    
_ser_install              0005CA RLA    _ser_open                 00064A RLA    
_ser_static_stddrv        001644 RLA    _ser_status               000651 RLA    
_ser_uninstall            000624  LAI   _strlen                   000658 RLA    
_tgi_charwidth            00171F RLA    _tgi_clear                00161A REA    
_tgi_color                001716 RLA    _tgi_colorcount           00172F RLA    
_tgi_curx                 001712 RLA    _tgi_cury                 001714 RLA    
_tgi_done                 0008E5 RLA    _tgi_error                001710 RLA    
_tgi_flags                001735 RLA    _tgi_font                 001717 RLA    
_tgi_fontheight           001732 RLA    _tgi_fontwidth            001731 RLA    
_tgi_getdefpalette        00162C REA    _tgi_gettextwidth         0008F3 RLA    
_tgi_getxres              00094A RLA    _tgi_getyres              000951 RLA    
_tgi_gmode                001711 RLA    _tgi_init                 00097D RLA    
_tgi_install              00066E RLA    _tgi_ioctl                0009D5 RLA    
_tgi_outtext              000A20 RLA    _tgi_outtextxy            000AB1 RLA    
_tgi_setcolor             000AD2 RLA    _tgi_setpalette           000AE5 RLA    
_tgi_settextstyle         000AEC RLA    _tgi_static_stddrv        00165C RLA    
_tgi_textdir              001718 RLA    _tgi_textscaleh           001721 RLA    
_tgi_textscalew           00171B RLA    _tgi_vectorchar           000B70 RLA    
_tgi_vectorfont           001719 RLA    _tgi_xmax                 001727 RLA    
_tgi_xres                 00172B RLA    _tgi_ymax                 001729 RLA    
_tgi_yres                 00172D RLA    _toascii                  000C03 RLA    
addysp1                   00044F RLA    callirq                   0015A6 RLA    
callmain                  00045D RLA    decax1                    000480 RLA    
doneirq                   0004C7 RLA    donelib                   000474 RLA    
imul16x16r32              000487 RLA    initirq                   000289 RLA    
initlib                   00027D RLA    irq_done                  0004C7  LAI   
irq_init                  000289  LAI   negax                     00057E RLA    
negeax                    00055C RLA    popa                      00058C RLA    
popax                     0004B2 RLA    ptr1                      000008 RLZ    
ptr2                      00000A RLZ    ptr3                      00000C RLZ    
ptr4                      00000E RLZ    push0                     0005AC RLA    
pusha                     00059A RLA    pusha0                    0005AE RLA    
pushax                    0005B0 RLA    regbank                   000014 RLZ    
return0                   0005C6 RLA    ser_get                   0015F9 RLA    
ser_irq                   001605  LAI   ser_libref                000268 RLA    
ser_open                  0015F3 RLA    ser_status                0015FF RLA    
sp                        000000 RLZ    sreg                      000002 RLZ    
tgi_clear                 00161A RLA    tgi_clip_x1               00173E RLA    
tgi_clip_x2               001742 RLA    tgi_clip_y1               001740 RLA    
tgi_clip_y2               001744 RLA    tgi_clippedline           0007B1 RLA    
tgi_color_white           00000F REZ    tgi_control               001617 RLA    
tgi_curtoxy               0008D0 RLA    tgi_done                  001611 RLA    
tgi_getdefpalette         00162C RLA    tgi_geterror              001614 RLA    
tgi_imulround             00095F RLA    tgi_init                  00160E RLA    
tgi_inv_arg               0006C4 RLA    tgi_irq                   001641  LAI   
tgi_libref                001641 RLA    tgi_line                  001635 RLA    
tgi_outcode               0009DF RLA    tgi_outtext               00163E RLA    
tgi_setcolor              001623 RLA    tgi_setdrawpage           001620 RLA    
tgi_setpalette            001626 RLA    tgi_setviewpage           00161D RLA    
tmp1                      000010 RLZ    tmp2                      000011 RLZ    
tmp3                      000012 RLZ    tmp4                      000013 RLZ    
udiv32by16r16             000C06 RLA    umul16x16r32              000C37 RLA    
umul16x16r32m             000C3B RLA    umul8x16r16               000C63 RLA    
umul8x16r24               000C63 RLA    zerobss                   000C8E RLA    



Exports list by value:
----------------------
sp                        000000 RLZ    __BANK1BLOCKSIZE__        000000 REA    
__CALLIRQ__               000001 REA    __STARTUP__               000001 REA    
__BOOTLDR__               000001 REA    __EXEHDR__                000001 REA    
__DEFDIR__                000001 REA    __CONSTRUCTOR_COUNT__     000001 REA    
__DESTRUCTOR_COUNT__      000002 REA    __INTERRUPTOR_COUNT__     000002 REA    
sreg                      000002 RLZ    ptr1                      000008 RLZ    
ptr2                      00000A RLZ    ptr3                      00000C RLZ    
ptr4                      00000E RLZ    tgi_color_white           00000F REZ    
tmp1                      000010 RLZ    tmp2                      000011 RLZ    
tmp3                      000012 RLZ    tmp4                      000013 RLZ    
regbank                   000014 RLZ    __iodat                   00001A RLZ    
__iodir                   00001B RLZ    __viddma                  00001C RLZ    
__sprsys                  00001D RLZ    _FileEntry                00001E RLZ    
_FileStartBlock           00001E RLZ    _FileBlockOffset          00001F RLZ    
_FileDestAddr             000022 RLZ    _FileFileLen              000024 RLZ    
_FileCurrBlock            000026 RLZ    _FileBlockByte            000027 RLZ    
_FileDestPtr              000029 RLZ    __STARTOFDIRECTORY__      0000CB REA    
__MAIN_START__            000200 RLA    __STARTUP_LOAD__          000200 RLA    
ser_libref                000268 RLA    _exit                     000268 RLA    
initlib                   00027D RLA    initirq                   000289 RLA    
irq_init                  000289  LAI   __CONSTRUCTOR_TABLE__     000296 RLA    
__BSS_SIZE__              000326 REA    _main                     0003A9 RLA    
__BANK0BLOCKSIZE__        000400 REA    addysp1                   00044F RLA    
callmain                  00045D RLA    donelib                   000474 RLA    
decax1                    000480 RLA    imul16x16r32              000487 RLA    
popax                     0004B2 RLA    irq_done                  0004C7  LAI   
doneirq                   0004C7 RLA    _itoa                     0004E6 RLA    
negeax                    00055C RLA    negax                     00057E RLA    
popa                      00058C RLA    pusha                     00059A RLA    
push0                     0005AC RLA    pusha0                    0005AE RLA    
pushax                    0005B0 RLA    return0                   0005C6 RLA    
_ser_install              0005CA RLA    _ser_uninstall            000624  LAI   
_ser_get                  000643 RLA    _ser_open                 00064A RLA    
_ser_status               000651 RLA    _strlen                   000658 RLA    
_tgi_install              00066E RLA    tgi_inv_arg               0006C4 RLA    
tgi_clippedline           0007B1 RLA    __STACKSIZE__             000800 REA    
tgi_curtoxy               0008D0 RLA    _tgi_done                 0008E5 RLA    
_tgi_gettextwidth         0008F3 RLA    _tgi_getxres              00094A RLA    
_tgi_getyres              000951 RLA    tgi_imulround             00095F RLA    
_tgi_init                 00097D RLA    _tgi_ioctl                0009D5 RLA    
tgi_outcode               0009DF RLA    _tgi_outtext              000A20 RLA    
_tgi_outtextxy            000AB1 RLA    _tgi_setcolor             000AD2 RLA    
_tgi_setpalette           000AE5 RLA    _tgi_settextstyle         000AEC RLA    
_tgi_vectorchar           000B70 RLA    _toascii                  000C03 RLA    
udiv32by16r16             000C06 RLA    umul16x16r32              000C37 RLA    
umul16x16r32m             000C3B RLA    umul8x16r24               000C63 RLA    
umul8x16r16               000C63 RLA    zerobss                   000C8E RLA    
__hextab                  00122F RLA    __DESTRUCTOR_TABLE__      00159E RLA    
__INTERRUPTOR_TABLE__     0015A2 RLA    callirq                   0015A6 RLA    
ser_open                  0015F3 RLA    ser_get                   0015F9 RLA    
ser_status                0015FF RLA    ser_irq                   001605  LAI   
tgi_init                  00160E RLA    tgi_done                  001611 RLA    
tgi_geterror              001614 RLA    tgi_control               001617 RLA    
_tgi_clear                00161A REA    tgi_clear                 00161A RLA    
tgi_setviewpage           00161D RLA    tgi_setdrawpage           001620 RLA    
tgi_setcolor              001623 RLA    tgi_setpalette            001626 RLA    
_tgi_getdefpalette        00162C REA    tgi_getdefpalette         00162C RLA    
tgi_line                  001635 RLA    tgi_outtext               00163E RLA    
tgi_libref                001641 RLA    tgi_irq                   001641  LAI   
_ser_static_stddrv        001644 RLA    _lynx_comlynx_ser         001644 RLA    
_tgi_static_stddrv        00165C RLA    _lynx_160_102_16_tgi      00165C RLA    
__BSS_LOAD__              0016EC RLA    __BSS_RUN__               0016EC RLA    
_tgi_error                001710 RLA    _tgi_gmode                001711 RLA    
_tgi_curx                 001712 RLA    _tgi_cury                 001714 RLA    
_tgi_color                001716 RLA    _tgi_font                 001717 RLA    
_tgi_textdir              001718 RLA    _tgi_vectorfont           001719 RLA    
_tgi_textscalew           00171B RLA    _tgi_charwidth            00171F RLA    
_tgi_textscaleh           001721 RLA    _tgi_xmax                 001727 RLA    
_tgi_ymax                 001729 RLA    _tgi_xres                 00172B RLA    
_tgi_yres                 00172D RLA    _tgi_colorcount           00172F RLA    
_tgi_fontwidth            001731 RLA    _tgi_fontheight           001732 RLA    
_tgi_flags                001735 RLA    tgi_clip_x1               00173E RLA    
tgi_clip_y1               001740 RLA    tgi_clip_x2               001742 RLA    
tgi_clip_y2               001744 RLA    __MAIN_SIZE__             00B638 REA    



Imports list:
-------------
_FileBlockByte (extzp.o):
    bootldr.o                 lynx/extzp.inc:22
_FileBlockOffset (extzp.o):
    bootldr.o                 lynx/extzp.inc:17
_FileCurrBlock (extzp.o):
    bootldr.o                 lynx/extzp.inc:21
_FileDestAddr (extzp.o):
    bootldr.o                 lynx/extzp.inc:19
_FileDestPtr (extzp.o):
    bootldr.o                 lynx/extzp.inc:23
_FileEntry (extzp.o):
    bootldr.o                 lynx/extzp.inc:15
_FileFileLen (extzp.o):
    bootldr.o                 lynx/extzp.inc:20
_FileStartBlock (extzp.o):
    bootldr.o                 lynx/extzp.inc:16
__BANK0BLOCKSIZE__ ([linker generated]):
    exehdr.o                  lynx/exehdr.s:6
    defdir.o                  lynx/defdir.s:10
    bootldr.o                 lynx/bootldr.s:8
__BANK1BLOCKSIZE__ ([linker generated]):
    exehdr.o                  lynx/exehdr.s:7
__BOOTLDR__ (bootldr.o):
    [linker generated]        /usr/share/cc65/cfg/lynx.cfg:7
__BSS_LOAD__ ([linker generated]):
    defdir.o                  lynx/defdir.s:9
__BSS_RUN__ ([linker generated]):
    zerobss.o                 common/zerobss.s:8
__BSS_SIZE__ ([linker generated]):
    zerobss.o                 common/zerobss.s:8
__CALLIRQ__ (callirq.o):
    tgi_irq.o                 lynx/tgi_irq.s:11
    ser-kernel.o              serial/ser-kernel.s:34
__CONSTRUCTOR_COUNT__ ([linker generated]):
    condes.o                  runtime/condes.s:18
__CONSTRUCTOR_TABLE__ ([linker generated]):
    condes.o                  runtime/condes.s:18
__DEFDIR__ (defdir.o):
    [linker generated]        /usr/share/cc65/cfg/lynx.cfg:8
__DESTRUCTOR_COUNT__ ([linker generated]):
    condes.o                  runtime/condes.s:19
__DESTRUCTOR_TABLE__ ([linker generated]):
    condes.o                  runtime/condes.s:19
__EXEHDR__ (exehdr.o):
    [linker generated]        /usr/share/cc65/cfg/lynx.cfg:6
__INTERRUPTOR_COUNT__ ([linker generated]):
    callirq.o                 runtime/callirq.s:36
__INTERRUPTOR_TABLE__ ([linker generated]):
    callirq.o                 runtime/callirq.s:36
__MAIN_SIZE__ ([linker generated]):
    crt0.o                    lynx/crt0.s:25
__MAIN_START__ ([linker generated]):
    defdir.o                  lynx/defdir.s:8
    crt0.o                    lynx/crt0.s:25
__STACKSIZE__ ([linker generated]):
    crt0.o                    lynx/crt0.s:25
    [linker generated]        /usr/share/cc65/cfg/lynx.cfg:15
__STARTOFDIRECTORY__ ([linker generated]):
    defdir.o                  lynx/defdir.s:7
    [linker generated]        /usr/share/cc65/cfg/lynx.cfg:13
__STARTUP_LOAD__ ([linker generated]):
    defdir.o                  lynx/defdir.s:9
__STARTUP__ (crt0.o):
    main.o                    main.s:13
__hextab (_hextab.o):
    itoa.o                    common/itoa.s:10
__iodat (extzp.o):
    crt0.o                    lynx/extzp.inc:11
    bootldr.o                 lynx/extzp.inc:11
__iodir (extzp.o):
    crt0.o                    lynx/extzp.inc:12
__sprsys (extzp.o):
    lynx-160-102-16-tgi.o     lynx/tgi/../extzp.inc:14
    crt0.o                    lynx/extzp.inc:14
__viddma (extzp.o):
    lynx-160-102-16-tgi.o     lynx/tgi/../extzp.inc:13
    crt0.o                    lynx/extzp.inc:13
_exit (crt0.o):
    libref.o                  lynx/libref.s:6
_itoa (itoa.o):
    main.o                    main.s:29
_lynx_160_102_16_tgi (lynx-160-102-16-tgi.o):
    tgi_stat_stddrv.o         lynx/tgi_stat_stddrv.s:10
_lynx_comlynx_ser (lynx-comlynx-ser.o):
    ser_stat_stddrv.o         lynx/ser_stat_stddrv.s:10
_main (main.o):
    callmain.o                runtime/callmain.s:11
_ser_get (ser_get.o):
    main.o                    main.s:27
_ser_install (ser-kernel.o):
    main.o                    main.s:24
_ser_open (ser_open.o):
    main.o                    main.s:25
_ser_static_stddrv (ser_stat_stddrv.o):
    main.o                    main.s:23
_ser_status (ser_status.o):
    main.o                    main.s:28
_strlen (strlen.o):
    tgi_gettextwidth.o        tgi/tgi_gettextwidth.s:10
_tgi_charwidth (tgi-kernel.o):
    tgi_gettextwidth.o        /usr/src/cc65/asminc/tgi-kernel.inc:126
_tgi_clear (tgi_clear.o):
    main.o                    main.s:17
_tgi_color (tgi-kernel.o):
    tgi_setcolor.o            /usr/src/cc65/asminc/tgi-kernel.inc:120
_tgi_colorcount (tgi-kernel.o):
    tgi_setcolor.o            /usr/src/cc65/asminc/tgi-kernel.inc:132
_tgi_curx (tgi-kernel.o):
    tgi_curtoxy.o             /usr/src/cc65/asminc/tgi-kernel.inc:118
    tgi_vectorchar.o          /usr/src/cc65/asminc/tgi-kernel.inc:118
    tgi_outtext.o             /usr/src/cc65/asminc/tgi-kernel.inc:118
    tgi_outtextxy.o           /usr/src/cc65/asminc/tgi-kernel.inc:118
_tgi_cury (tgi-kernel.o):
    tgi_curtoxy.o             /usr/src/cc65/asminc/tgi-kernel.inc:119
    tgi_outtextxy.o           /usr/src/cc65/asminc/tgi-kernel.inc:119
_tgi_done (tgi_done.o):
    tgi_init.o                /usr/src/cc65/asminc/tgi-kernel.inc:193
    tgi-kernel.o              /usr/src/cc65/asminc/tgi-kernel.inc:193
_tgi_error (tgi-kernel.o):
    tgi_init.o                /usr/src/cc65/asminc/tgi-kernel.inc:116
_tgi_flags (tgi-kernel.o):
    tgi_settextstyle.o        /usr/src/cc65/asminc/tgi-kernel.inc:137
_tgi_font (tgi-kernel.o):
    tgi_gettextwidth.o        /usr/src/cc65/asminc/tgi-kernel.inc:121
    tgi_outtext.o             /usr/src/cc65/asminc/tgi-kernel.inc:121
    tgi_settextstyle.o        /usr/src/cc65/asminc/tgi-kernel.inc:121
_tgi_fontheight (tgi-kernel.o):
    tgi_settextstyle.o        /usr/src/cc65/asminc/tgi-kernel.inc:135
_tgi_fontwidth (tgi-kernel.o):
    tgi_settextstyle.o        /usr/src/cc65/asminc/tgi-kernel.inc:134
_tgi_getdefpalette (tgi_getdefpalette.o):
    main.o                    main.s:20
_tgi_gettextwidth (tgi_gettextwidth.o):
    tgi_outtext.o             /usr/src/cc65/asminc/tgi-kernel.inc:208
_tgi_getxres (tgi_getxres.o):
    tgi_init.o                /usr/src/cc65/asminc/tgi-kernel.inc:209
_tgi_getyres (tgi_getyres.o):
    tgi_init.o                /usr/src/cc65/asminc/tgi-kernel.inc:210
_tgi_gmode (tgi-kernel.o):
    tgi_init.o                /usr/src/cc65/asminc/tgi-kernel.inc:117
    tgi_done.o                /usr/src/cc65/asminc/tgi-kernel.inc:117
_tgi_init (tgi_init.o):
    main.o                    main.s:16
_tgi_install (tgi-kernel.o):
    main.o                    main.s:15
_tgi_ioctl (tgi_ioctl.o):
    main.o                    main.s:22
_tgi_outtext (tgi_outtext.o):
    tgi_outtextxy.o           /usr/src/cc65/asminc/tgi-kernel.inc:220
_tgi_outtextxy (tgi_outtextxy.o):
    main.o                    main.s:21
_tgi_setcolor (tgi_setcolor.o):
    tgi_init.o                /usr/src/cc65/asminc/tgi-kernel.inc:224
    main.o                    main.s:18
_tgi_setpalette (tgi_setpalette.o):
    main.o                    main.s:19
_tgi_settextstyle (tgi_settextstyle.o):
    tgi_init.o                /usr/src/cc65/asminc/tgi-kernel.inc:230
_tgi_static_stddrv (tgi_stat_stddrv.o):
    main.o                    main.s:14
_tgi_textdir (tgi-kernel.o):
    tgi_vectorchar.o          /usr/src/cc65/asminc/tgi-kernel.inc:122
    tgi_outtext.o             /usr/src/cc65/asminc/tgi-kernel.inc:122
    tgi_settextstyle.o        /usr/src/cc65/asminc/tgi-kernel.inc:122
_tgi_textscaleh (tgi-kernel.o):
    tgi_vectorchar.o          /usr/src/cc65/asminc/tgi-kernel.inc:125
_tgi_textscalew (tgi-kernel.o):
    tgi_gettextwidth.o        /usr/src/cc65/asminc/tgi-kernel.inc:124
    tgi_vectorchar.o          /usr/src/cc65/asminc/tgi-kernel.inc:124
    tgi_outtext.o             /usr/src/cc65/asminc/tgi-kernel.inc:124
    tgi_settextstyle.o        /usr/src/cc65/asminc/tgi-kernel.inc:124
_tgi_vectorchar (tgi_vectorchar.o):
    tgi_outtext.o             /usr/src/cc65/asminc/tgi-vectorfont.inc:67
_tgi_vectorfont (tgi-kernel.o):
    tgi_gettextwidth.o        /usr/src/cc65/asminc/tgi-kernel.inc:123
    tgi_vectorchar.o          /usr/src/cc65/asminc/tgi-kernel.inc:123
    tgi_outtext.o             /usr/src/cc65/asminc/tgi-kernel.inc:123
_tgi_xmax (tgi-kernel.o):
    tgi_clippedline.o         /usr/src/cc65/asminc/tgi-kernel.inc:130
    tgi_init.o                /usr/src/cc65/asminc/tgi-kernel.inc:130
_tgi_xres (tgi-kernel.o):
    tgi_outcode.o             /usr/src/cc65/asminc/tgi-kernel.inc:128
    tgi_getxres.o             /usr/src/cc65/asminc/tgi-kernel.inc:128
_tgi_ymax (tgi-kernel.o):
    tgi_clippedline.o         /usr/src/cc65/asminc/tgi-kernel.inc:131
    tgi_init.o                /usr/src/cc65/asminc/tgi-kernel.inc:131
_tgi_yres (tgi-kernel.o):
    tgi_outcode.o             /usr/src/cc65/asminc/tgi-kernel.inc:129
    tgi_getyres.o             /usr/src/cc65/asminc/tgi-kernel.inc:129
_toascii (toascii.o):
    tgi_gettextwidth.o        tgi/tgi_gettextwidth.s:10
    tgi_outtext.o             tgi/tgi_outtext.s:12
addysp1 (addysp.o):
    tgi_outtextxy.o           tgi/tgi_outtextxy.s:10
    itoa.o                    common/itoa.s:9
callirq (callirq.o):
    irq.o                     lynx/irq.s:6
callmain (callmain.o):
    crt0.o                    lynx/crt0.s:23
decax1 (decax1.o):
    tgi_init.o                tgi/tgi_init.s:11
doneirq (irq.o):
    callirq.o                 runtime/callirq.s:38
donelib (condes.o):
    crt0.o                    lynx/crt0.s:21
imul16x16r32 (imul16x16r32.o):
    tgi_imulround.o           tgi/tgi_imulround.s:14
initirq (irq.o):
    callirq.o                 runtime/callirq.s:37
initlib (condes.o):
    crt0.o                    lynx/crt0.s:21
negax (negabs.o):
    imul16x16r32.o            runtime/imul16x16r32.s:8
    tgi_clippedline.o         tgi/tgi_clippedline.s:9
    tgi_outtext.o             tgi/tgi_outtext.s:13
negeax (lneg.o):
    imul16x16r32.o            runtime/imul16x16r32.s:8
popa (popa.o):
    tgi_settextstyle.o        tgi/tgi_settextstyle.s:10
    tgi_ioctl.o               tgi/tgi_ioctl.s:13
popax (incsp2.o):
    tgi_imulround.o           tgi/tgi_imulround.s:14
    tgi_settextstyle.o        tgi/tgi_settextstyle.s:10
ptr1 (zeropage.o):
    imul16x16r32.o            /usr/src/cc65/asminc/zeropage.inc:12
    umul16x16r32.o            /usr/src/cc65/asminc/zeropage.inc:12
    udiv32by16r16.o           /usr/src/cc65/asminc/zeropage.inc:12
    tgi_imulround.o           /usr/src/cc65/asminc/zeropage.inc:12
    tgi_gettextwidth.o        /usr/src/cc65/asminc/zeropage.inc:12
    tgi_curtoxy.o             tgi/tgi_curtoxy.s:9
    tgi_clippedline.o         /usr/src/cc65/asminc/zeropage.inc:12
    tgi_vectorchar.o          /usr/src/cc65/asminc/zeropage.inc:12
    tgi_outtext.o             /usr/src/cc65/asminc/zeropage.inc:12
    lynx-160-102-16-tgi.o     /usr/src/cc65/asminc/zeropage.inc:12
    lynx-comlynx-ser.o        /usr/src/cc65/asminc/zeropage.inc:12
    zerobss.o                 common/zerobss.s:9
    umul8x16r24.o             /usr/src/cc65/asminc/zeropage.inc:12
    tgi_settextstyle.o        /usr/src/cc65/asminc/zeropage.inc:12
    tgi_setpalette.o          tgi/tgi_setpalette.s:12
    tgi_ioctl.o               tgi/tgi_ioctl.s:14
    tgi_init.o                tgi/tgi_init.s:12
    tgi-kernel.o              tgi/tgi-kernel.s:8
    ser_status.o              serial/ser_status.s:8
    ser_open.o                serial/ser_open.s:9
    ser_get.o                 serial/ser_get.s:10
    ser-kernel.o              serial/ser-kernel.s:8
ptr2 (zeropage.o):
    udiv32by16r16.o           /usr/src/cc65/asminc/zeropage.inc:12
    tgi_gettextwidth.o        /usr/src/cc65/asminc/zeropage.inc:12
    tgi_curtoxy.o             tgi/tgi_curtoxy.s:9
    tgi_clippedline.o         /usr/src/cc65/asminc/zeropage.inc:12
    lynx-160-102-16-tgi.o     /usr/src/cc65/asminc/zeropage.inc:12
    itoa.o                    common/itoa.s:11
ptr3 (zeropage.o):
    imul16x16r32.o            /usr/src/cc65/asminc/zeropage.inc:12
    umul16x16r32.o            /usr/src/cc65/asminc/zeropage.inc:12
    udiv32by16r16.o           /usr/src/cc65/asminc/zeropage.inc:12
    tgi_gettextwidth.o        /usr/src/cc65/asminc/zeropage.inc:12
    tgi_outtext.o             /usr/src/cc65/asminc/zeropage.inc:12
    lynx-160-102-16-tgi.o     /usr/src/cc65/asminc/zeropage.inc:12
    umul8x16r24.o             /usr/src/cc65/asminc/zeropage.inc:12
    itoa.o                    common/itoa.s:11
ptr4 (zeropage.o):
    strlen.o                  common/strlen.s:12
    lynx-160-102-16-tgi.o     /usr/src/cc65/asminc/zeropage.inc:12
push0 (pushax.o):
    main.o                    main.s:439
pusha (pusha.o):
    tgi_init.o                tgi/tgi_init.s:11
    main.o                    main.s:439
    main.o                    main.s:439
    main.o                    main.s:439
pusha0 (pushax.o):
    main.o                    main.s:439
    main.o                    main.s:439
pushax (pushax.o):
    callmain.o                runtime/callmain.s:11
    tgi_init.o                tgi/tgi_init.s:11
    main.o                    main.s:439
regbank (zeropage.o):
    tgi_vectorchar.o          /usr/src/cc65/asminc/zeropage.inc:14
    tgi_outtext.o             /usr/src/cc65/asminc/zeropage.inc:14
return0 (return0.o):
    ser-kernel.o              serial/ser-kernel.s:7
ser_get (ser-kernel.o):
    ser_get.o                 /usr/src/cc65/asminc/ser-kernel.inc:142
ser_libref (libref.o):
    ser-kernel.o              serial/ser-kernel.s:7
ser_open (ser-kernel.o):
    ser_open.o                /usr/src/cc65/asminc/ser-kernel.inc:140
ser_status (ser-kernel.o):
    ser_status.o              /usr/src/cc65/asminc/ser-kernel.inc:144
sp (zeropage.o):
    popa.o                    runtime/popa.s:8
    incsp2.o                  runtime/incsp2.s:8
    addysp.o                  runtime/addysp.s:8
    tgi_outtextxy.o           tgi/tgi_outtextxy.s:11
    pushax.o                  runtime/pushax.s:8
    pusha.o                   runtime/pusha.s:8
    itoa.o                    common/itoa.s:11
    crt0.o                    /usr/src/cc65/asminc/zeropage.inc:11
sreg (zeropage.o):
    lneg.o                    runtime/lneg.s:11
    umul16x16r32.o            /usr/src/cc65/asminc/zeropage.inc:11
    udiv32by16r16.o           /usr/src/cc65/asminc/zeropage.inc:11
    tgi_imulround.o           /usr/src/cc65/asminc/zeropage.inc:11
    tgi_clippedline.o         /usr/src/cc65/asminc/zeropage.inc:11
    umul8x16r24.o             /usr/src/cc65/asminc/zeropage.inc:11
    itoa.o                    common/itoa.s:11
tgi_clear (tgi-kernel.o):
    tgi_clear.o               /usr/src/cc65/asminc/tgi-kernel.inc:156
tgi_clip_x1 (tgi_outcode.o):
    tgi_clippedline.o         /usr/src/cc65/asminc/tgi-kernel.inc:142
    tgi_vectorchar.o          /usr/src/cc65/asminc/tgi-kernel.inc:142
tgi_clip_x2 (tgi_outcode.o):
    tgi_clippedline.o         /usr/src/cc65/asminc/tgi-kernel.inc:144
tgi_clip_y1 (tgi_outcode.o):
    tgi_clippedline.o         /usr/src/cc65/asminc/tgi-kernel.inc:143
tgi_clip_y2 (tgi_outcode.o):
    tgi_clippedline.o         /usr/src/cc65/asminc/tgi-kernel.inc:145
tgi_clippedline (tgi_clippedline.o):
    tgi_vectorchar.o          /usr/src/cc65/asminc/tgi-kernel.inc:174
tgi_color_white (tgi_colors.o):
    tgi_init.o                /usr/src/cc65/asminc/tgi-kernel.inc:110
tgi_control (tgi-kernel.o):
    tgi_ioctl.o               /usr/src/cc65/asminc/tgi-kernel.inc:155
tgi_curtoxy (tgi_curtoxy.o):
    tgi_outtext.o             /usr/src/cc65/asminc/tgi-kernel.inc:175
tgi_done (tgi-kernel.o):
    tgi_done.o                /usr/src/cc65/asminc/tgi-kernel.inc:153
tgi_getdefpalette (tgi-kernel.o):
    tgi_init.o                /usr/src/cc65/asminc/tgi-kernel.inc:162
    tgi_getdefpalette.o       /usr/src/cc65/asminc/tgi-kernel.inc:162
tgi_geterror (tgi-kernel.o):
    tgi_init.o                /usr/src/cc65/asminc/tgi-kernel.inc:154
tgi_imulround (tgi_imulround.o):
    tgi_gettextwidth.o        /usr/src/cc65/asminc/tgi-kernel.inc:177
    tgi_vectorchar.o          /usr/src/cc65/asminc/tgi-kernel.inc:177
    tgi_outtext.o             /usr/src/cc65/asminc/tgi-kernel.inc:177
tgi_init (tgi-kernel.o):
    tgi_init.o                /usr/src/cc65/asminc/tgi-kernel.inc:152
tgi_inv_arg (tgi-kernel.o):
    tgi_setcolor.o            /usr/src/cc65/asminc/tgi-kernel.inc:178
tgi_libref (tgi_irq.o):
    tgi-kernel.o              tgi/tgi-kernel.s:7
tgi_line (tgi-kernel.o):
    tgi_clippedline.o         /usr/src/cc65/asminc/tgi-kernel.inc:165
tgi_outcode (tgi_outcode.o):
    tgi_clippedline.o         /usr/src/cc65/asminc/tgi-kernel.inc:181
tgi_outtext (tgi-kernel.o):
    tgi_outtext.o             /usr/src/cc65/asminc/tgi-kernel.inc:168
tgi_setcolor (tgi-kernel.o):
    tgi_setcolor.o            /usr/src/cc65/asminc/tgi-kernel.inc:159
tgi_setdrawpage (tgi-kernel.o):
    tgi_init.o                /usr/src/cc65/asminc/tgi-kernel.inc:158
tgi_setpalette (tgi-kernel.o):
    tgi_setpalette.o          /usr/src/cc65/asminc/tgi-kernel.inc:160
    tgi_init.o                /usr/src/cc65/asminc/tgi-kernel.inc:160
tgi_setviewpage (tgi-kernel.o):
    tgi_init.o                /usr/src/cc65/asminc/tgi-kernel.inc:157
tmp1 (zeropage.o):
    imul16x16r32.o            /usr/src/cc65/asminc/zeropage.inc:13
    tgi_outcode.o             /usr/src/cc65/asminc/zeropage.inc:13
    tgi_clippedline.o         /usr/src/cc65/asminc/zeropage.inc:13
    lynx-160-102-16-tgi.o     /usr/src/cc65/asminc/zeropage.inc:13
    itoa.o                    common/itoa.s:11
    main.o                    main.s:11
tmp2 (zeropage.o):
    lynx-160-102-16-tgi.o     /usr/src/cc65/asminc/zeropage.inc:13
tmp3 (zeropage.o):
    lynx-160-102-16-tgi.o     /usr/src/cc65/asminc/zeropage.inc:13
tmp4 (zeropage.o):
    lynx-160-102-16-tgi.o     /usr/src/cc65/asminc/zeropage.inc:13
udiv32by16r16 (udiv32by16r16.o):
    tgi_clippedline.o         tgi/tgi_clippedline.s:8
umul16x16r32 (umul16x16r32.o):
    tgi_clippedline.o         tgi/tgi_clippedline.s:8
umul16x16r32m (umul16x16r32.o):
    imul16x16r32.o            runtime/imul16x16r32.s:8
umul8x16r16 (umul8x16r24.o):
    tgi_gettextwidth.o        tgi/tgi_gettextwidth.s:11
umul8x16r24 (umul8x16r24.o):
    tgi_settextstyle.o        tgi/tgi_settextstyle.s:9
zerobss (zerobss.o):
    crt0.o                    lynx/crt0.s:22

