Modules list:
-------------
main.o:
    CODE              Offs=000000  Size=000119  Align=00001  Fill=0000
    RODATA            Offs=000000  Size=00000F  Align=00001  Fill=0000
    BSS               Offs=000000  Size=000006  Align=00001  Fill=0000
uploader.o:
    UPCODE            Offs=000000  Size=000065  Align=00001  Fill=0000
    UPDATA            Offs=000000  Size=000001  Align=00001  Fill=0000
directory.o:
    DIRECTORY         Offs=000000  Size=000010  Align=00001  Fill=0000
upload.o:
    UPCODE            Offs=000065  Size=00001B  Align=00001  Fill=0000
    UPDATA            Offs=000001  Size=000001  Align=00001  Fill=0000
/usr/share/cc65/lib/lynx.lib(_hextab.o):
    RODATA            Offs=00000F  Size=000010  Align=00001  Fill=0000
/usr/share/cc65/lib/lynx.lib(addysp.o):
    CODE              Offs=000119  Size=00000E  Align=00001  Fill=0000
/usr/share/cc65/lib/lynx.lib(bootldr.o):
    BOOTLDR           Offs=000000  Size=0000CB  Align=00001  Fill=0000
/usr/share/cc65/lib/lynx.lib(callirq.o):
    DATA              Offs=000000  Size=00001E  Align=00001  Fill=0000
/usr/share/cc65/lib/lynx.lib(callmain.o):
    CODE              Offs=000127  Size=000017  Align=00001  Fill=0000
    DATA              Offs=00001E  Size=000004  Align=00001  Fill=0000
/usr/share/cc65/lib/lynx.lib(condes.o):
    CODE              Offs=00013E  Size=00000C  Align=00001  Fill=0000
    DATA              Offs=000022  Size=000025  Align=00001  Fill=0000
    ONCE              Offs=000000  Size=00000C  Align=00001  Fill=0000
/usr/share/cc65/lib/lynx.lib(crt0.o):
    RODATA            Offs=00001F  Size=00002C  Align=00001  Fill=0000
    STARTUP           Offs=000000  Size=00006D  Align=00001  Fill=0000
/usr/share/cc65/lib/lynx.lib(decax1.o):
    CODE              Offs=00014A  Size=000007  Align=00001  Fill=0000
/usr/share/cc65/lib/lynx.lib(exehdr.o):
    EXEHDR            Offs=000000  Size=000040  Align=00001  Fill=0000
/usr/share/cc65/lib/lynx.lib(extzp.o):
    EXTZP             Offs=000000  Size=000011  Align=00001  Fill=0000
/usr/share/cc65/lib/lynx.lib(imul16x16r32.o):
    CODE              Offs=000151  Size=00002B  Align=00001  Fill=0000
/usr/share/cc65/lib/lynx.lib(incsp2.o):
    CODE              Offs=00017C  Size=000015  Align=00001  Fill=0000
/usr/share/cc65/lib/lynx.lib(irq.o):
    CODE              Offs=000191  Size=000001  Align=00001  Fill=0000
    ONCE              Offs=00000C  Size=00000D  Align=00001  Fill=0000
    LOWCODE           Offs=000000  Size=000010  Align=00001  Fill=0000
/usr/share/cc65/lib/lynx.lib(itoa.o):
    CODE              Offs=000192  Size=000094  Align=00001  Fill=0000
    RODATA            Offs=00004B  Size=000007  Align=00001  Fill=0000
/usr/share/cc65/lib/lynx.lib(joy-kernel.o):
    CODE              Offs=000226  Size=00004D  Align=00001  Fill=0000
    RODATA            Offs=000052  Size=000004  Align=00001  Fill=0000
    BSS               Offs=000006  Size=000002  Align=00001  Fill=0000
    DATA              Offs=000047  Size=00000C  Align=00001  Fill=0000
/usr/share/cc65/lib/lynx.lib(joy_read.o):
/usr/share/cc65/lib/lynx.lib(joy_stat_stddrv.o):
/usr/share/cc65/lib/lynx.lib(libref.o):
/usr/share/cc65/lib/lynx.lib(lneg.o):
    CODE              Offs=000273  Size=00001E  Align=00001  Fill=0000
/usr/share/cc65/lib/lynx.lib(negabs.o):
    CODE              Offs=000291  Size=000012  Align=00001  Fill=0000
/usr/share/cc65/lib/lynx.lib(popa.o):
    CODE              Offs=0002A3  Size=00000A  Align=00001  Fill=0000
/usr/share/cc65/lib/lynx.lib(pusha.o):
    CODE              Offs=0002AD  Size=000016  Align=00001  Fill=0000
/usr/share/cc65/lib/lynx.lib(pushax.o):
    CODE              Offs=0002C3  Size=00001A  Align=00001  Fill=0000
/usr/share/cc65/lib/lynx.lib(strlen.o):
    CODE              Offs=0002DD  Size=000016  Align=00001  Fill=0000
/usr/share/cc65/lib/lynx.lib(tgi-kernel.o):
    CODE              Offs=0002F3  Size=00007F  Align=00001  Fill=0000
    RODATA            Offs=000056  Size=000004  Align=00001  Fill=0000
    BSS               Offs=000008  Size=000028  Align=00001  Fill=0000
    DATA              Offs=000053  Size=000039  Align=00001  Fill=0000
/usr/share/cc65/lib/lynx.lib(tgi_clear.o):
/usr/share/cc65/lib/lynx.lib(tgi_clippedline.o):
    CODE              Offs=000372  Size=0001E3  Align=00001  Fill=0000
    BSS               Offs=000030  Size=000008  Align=00001  Fill=0000
/usr/share/cc65/lib/lynx.lib(tgi_colors.o):
/usr/share/cc65/lib/lynx.lib(tgi_curtoxy.o):
    CODE              Offs=000555  Size=000015  Align=00001  Fill=0000
/usr/share/cc65/lib/lynx.lib(tgi_done.o):
    CODE              Offs=00056A  Size=00000E  Align=00001  Fill=0000
/usr/share/cc65/lib/lynx.lib(tgi_getdefpalette.o):
/usr/share/cc65/lib/lynx.lib(tgi_gettextwidth.o):
    CODE              Offs=000578  Size=000057  Align=00001  Fill=0000
/usr/share/cc65/lib/lynx.lib(tgi_getxres.o):
    CODE              Offs=0005CF  Size=000007  Align=00001  Fill=0000
/usr/share/cc65/lib/lynx.lib(tgi_getyres.o):
    CODE              Offs=0005D6  Size=000007  Align=00001  Fill=0000
/usr/share/cc65/lib/lynx.lib(tgi_imulround.o):
    CODE              Offs=0005DD  Size=000025  Align=00001  Fill=0000
/usr/share/cc65/lib/lynx.lib(tgi_init.o):
    CODE              Offs=000602  Size=000058  Align=00001  Fill=0000
/usr/share/cc65/lib/lynx.lib(tgi_ioctl.o):
    CODE              Offs=00065A  Size=00000A  Align=00001  Fill=0000
/usr/share/cc65/lib/lynx.lib(tgi_irq.o):
    DATA              Offs=00008C  Size=000003  Align=00001  Fill=0000
/usr/share/cc65/lib/lynx.lib(tgi_outcode.o):
    CODE              Offs=000664  Size=000041  Align=00001  Fill=0000
    BSS               Offs=000038  Size=000008  Align=00001  Fill=0000
/usr/share/cc65/lib/lynx.lib(tgi_outtext.o):
    CODE              Offs=0006A5  Size=000091  Align=00001  Fill=0000
/usr/share/cc65/lib/lynx.lib(tgi_outtextxy.o):
    CODE              Offs=000736  Size=000021  Align=00001  Fill=0000
/usr/share/cc65/lib/lynx.lib(tgi_setcolor.o):
    CODE              Offs=000757  Size=000013  Align=00001  Fill=0000
/usr/share/cc65/lib/lynx.lib(tgi_setpalette.o):
    CODE              Offs=00076A  Size=000007  Align=00001  Fill=0000
/usr/share/cc65/lib/lynx.lib(tgi_settextstyle.o):
    CODE              Offs=000771  Size=000042  Align=00001  Fill=0000
/usr/share/cc65/lib/lynx.lib(tgi_stat_stddrv.o):
/usr/share/cc65/lib/lynx.lib(tgi_vectorchar.o):
    CODE              Offs=0007B3  Size=0000D5  Align=00001  Fill=0000
    BSS               Offs=000040  Size=000008  Align=00001  Fill=0000
/usr/share/cc65/lib/lynx.lib(toascii.o):
    CODE              Offs=000888  Size=000003  Align=00001  Fill=0000
/usr/share/cc65/lib/lynx.lib(udiv32by16r16.o):
    CODE              Offs=00088B  Size=000031  Align=00001  Fill=0000
/usr/share/cc65/lib/lynx.lib(umul16x16r32.o):
    CODE              Offs=0008BC  Size=00002C  Align=00001  Fill=0000
/usr/share/cc65/lib/lynx.lib(umul8x16r24.o):
    CODE              Offs=0008E8  Size=00002B  Align=00001  Fill=0000
/usr/share/cc65/lib/lynx.lib(zerobss.o):
    CODE              Offs=000913  Size=000023  Align=00001  Fill=0000
/usr/share/cc65/lib/lynx.lib(zeropage.o):
    ZEROPAGE          Offs=000000  Size=00001A  Align=00001  Fill=0000
/usr/share/cc65/lib/lynx.lib(lynx-stdjoy-joy.o):
    CODE              Offs=000936  Size=000011  Align=00001  Fill=0000
    DATA              Offs=00008F  Size=00000E  Align=00001  Fill=0000
/usr/share/cc65/lib/lynx.lib(lynx-160-102-16-tgi.o):
    CODE              Offs=000947  Size=00039E  Align=00001  Fill=0000
    RODATA            Offs=00005A  Size=000324  Align=00001  Fill=0000
    BSS               Offs=000048  Size=0000BD  Align=00001  Fill=0000
    DATA              Offs=00009D  Size=000090  Align=00001  Fill=0000


Segment list:
-------------
Name                   Start     End    Size  Align
----------------------------------------------------
DIRECTORY             000000  00000F  000010  00001
EXEHDR                000000  00003F  000040  00001
ZEROPAGE              000000  000019  00001A  00001
EXTZP                 00001A  00002A  000011  00001
BOOTLDR               000200  0002CA  0000CB  00001
STARTUP               000200  00026C  00006D  00001
LOWCODE               00026D  00027C  000010  00001
ONCE                  00027D  000297  00001B  00001
CODE                  000298  000F7C  000CE5  00001
RODATA                000F7D  001300  000384  00001
DATA                  001301  00142D  00012D  00001
UPCODE                00142E  0014AD  000080  00001
UPDATA                0014AE  0014AF  000002  00001
BSS                   0014B0  0015B4  000105  00001


Exports list by name:
---------------------
_FileBlockByte            000027 RLZ    _FileBlockOffset          00001F RLZ    
_FileCurrBlock            000026 RLZ    _FileDestAddr             000022 RLZ    
_FileDestPtr              000029 RLZ    _FileEntry                00001E RLZ    
_FileFileLen              000024 RLZ    _FileStartBlock           00001E RLZ    
_UpLoaderIRQ2             001464  LAI   __BANK0BLOCKSIZE__        000400 REA    
__BANK1BLOCKSIZE__        000000 REA    __BLOCKSIZE__             000400 REA    
__BOOTLDR__               000001 REA    __BSS_RUN__               0014B0 RLA    
__BSS_SIZE__              000105 REA    __CALLIRQ__               000001 REA    
__CODE_SIZE__             000CE5 REA    __CONSTRUCTOR_COUNT__     000001 REA    
__CONSTRUCTOR_TABLE__     000296 RLA    __DATA_SIZE__             00012D REA    
__DESTRUCTOR_COUNT__      000001 REA    __DESTRUCTOR_TABLE__      0012FB RLA    
__EXEHDR__                000001 REA    __INTERRUPTOR_COUNT__     000002 REA    
__INTERRUPTOR_TABLE__     0012FD RLA    __MAIN_SIZE__             00B5D3 REA    
__MAIN_START__            000200 RLA    __ONCE_SIZE__             00001B REA    
__RODATA_SIZE__           000384 REA    __STACKSIZE__             000800 REA    
__STARTOFDIRECTORY__      0000CB REA    __STARTUP_SIZE__          00006D REA    
__STARTUP__               000001 REA    __UPCODE_LOAD__           00142E RLA    
__UPCODE_SIZE__           000080 REA    __UPDATA_SIZE__           000002 REA    
__hextab                  000F8C RLA    __iodat                   00001A RLZ    
__iodir                   00001B RLZ    __sprsys                  00001D RLZ    
__viddma                  00001C RLZ    _exit                     000268 RLA    
_itoa                     000448 RLA    _joy_install              0004BE RLA    
_joy_read                 001351 REA    _joy_static_stddrv        001390 RLA    
_lynx_160_102_16_tgi      00139E RLA    _lynx_stdjoy_joy          001390 RLA    
_main                     000378 RLA    _strlen                   000575 RLA    
_tgi_charwidth            0014C9 RLA    _tgi_clear                001366 REA    
_tgi_color                0014C0 RLA    _tgi_colorcount           0014D9 RLA    
_tgi_curx                 0014BC RLA    _tgi_cury                 0014BE RLA    
_tgi_done                 000802 RLA    _tgi_error                0014BA RLA    
_tgi_flags                0014DF RLA    _tgi_font                 0014C1 RLA    
_tgi_fontheight           0014DC RLA    _tgi_fontwidth            0014DB RLA    
_tgi_getdefpalette        001378 REA    _tgi_gettextwidth         000810 RLA    
_tgi_getxres              000867 RLA    _tgi_getyres              00086E RLA    
_tgi_gmode                0014BB RLA    _tgi_init                 00089A RLA    
_tgi_install              00058B RLA    _tgi_ioctl                0008F2 RLA    
_tgi_outtext              00093D RLA    _tgi_outtextxy            0009CE RLA    
_tgi_setcolor             0009EF RLA    _tgi_setpalette           000A02 RLA    
_tgi_settextstyle         000A09 RLA    _tgi_static_stddrv        00139E RLA    
_tgi_textdir              0014C2 RLA    _tgi_textscaleh           0014CB RLA    
_tgi_textscalew           0014C5 RLA    _tgi_vectorchar           000A8D RLA    
_tgi_vectorfont           0014C3 RLA    _tgi_xmax                 0014D1 RLA    
_tgi_xres                 0014D5 RLA    _tgi_ymax                 0014D3 RLA    
_tgi_yres                 0014D7 RLA    _toascii                  000B20 RLA    
addysp1                   0003B1 RLA    callirq                   001301 RLA    
callmain                  0003BF RLA    decax1                    0003E2 RLA    
doneirq                   000429 RLA    donelib                   0003D6 RLA    
imul16x16r32              0003E9 RLA    initirq                   000289 RLA    
initlib                   00027D RLA    irq_done                  000429  LAI   
irq_init                  000289  LAI   joy_libref                000268 RLA    
joy_read                  001351 RLA    negax                     00052D RLA    
negeax                    00050B RLA    popa                      00053B RLA    
popax                     000414 RLA    ptr1                      000008 RLZ    
ptr2                      00000A RLZ    ptr3                      00000C RLZ    
ptr4                      00000E RLZ    pusha                     000549 RLA    
pusha0                    00055D RLA    pushax                    00055F RLA    
regbank                   000014 RLZ    sp                        000000 RLZ    
sreg                      000002 RLZ    tgi_clear                 001366 RLA    
tgi_clip_x1               0014E8 RLA    tgi_clip_x2               0014EC RLA    
tgi_clip_y1               0014EA RLA    tgi_clip_y2               0014EE RLA    
tgi_clippedline           0006CE RLA    tgi_color_white           00000F REZ    
tgi_control               001363 RLA    tgi_curtoxy               0007ED RLA    
tgi_done                  00135D RLA    tgi_getdefpalette         001378 RLA    
tgi_geterror              001360 RLA    tgi_imulround             00087C RLA    
tgi_init                  00135A RLA    tgi_inv_arg               0005E1 RLA    
tgi_irq                   00138D  LAI   tgi_libref                00138D RLA    
tgi_line                  001381 RLA    tgi_outcode               0008FC RLA    
tgi_outtext               00138A RLA    tgi_setcolor              00136F RLA    
tgi_setdrawpage           00136C RLA    tgi_setpalette            001372 RLA    
tgi_setviewpage           001369 RLA    tmp1                      000010 RLZ    
tmp2                      000011 RLZ    tmp3                      000012 RLZ    
tmp4                      000013 RLZ    udiv32by16r16             000B23 RLA    
umul16x16r32              000B54 RLA    umul16x16r32m             000B58 RLA    
umul8x16r16               000B80 RLA    umul8x16r24               000B80 RLA    
zerobss                   000BAB RLA    


Exports list by value:
----------------------
sp                        000000 RLZ    __BANK1BLOCKSIZE__        000000 REA    
__STARTUP__               000001 REA    __DESTRUCTOR_COUNT__      000001 REA    
__CONSTRUCTOR_COUNT__     000001 REA    __EXEHDR__                000001 REA    
__CALLIRQ__               000001 REA    __BOOTLDR__               000001 REA    
__UPDATA_SIZE__           000002 REA    __INTERRUPTOR_COUNT__     000002 REA    
sreg                      000002 RLZ    ptr1                      000008 RLZ    
ptr2                      00000A RLZ    ptr3                      00000C RLZ    
ptr4                      00000E RLZ    tgi_color_white           00000F REZ    
tmp1                      000010 RLZ    tmp2                      000011 RLZ    
tmp3                      000012 RLZ    tmp4                      000013 RLZ    
regbank                   000014 RLZ    __iodat                   00001A RLZ    
__iodir                   00001B RLZ    __ONCE_SIZE__             00001B REA    
__viddma                  00001C RLZ    __sprsys                  00001D RLZ    
_FileEntry                00001E RLZ    _FileStartBlock           00001E RLZ    
_FileBlockOffset          00001F RLZ    _FileDestAddr             000022 RLZ    
_FileFileLen              000024 RLZ    _FileCurrBlock            000026 RLZ    
_FileBlockByte            000027 RLZ    _FileDestPtr              000029 RLZ    
__STARTUP_SIZE__          00006D REA    __UPCODE_SIZE__           000080 REA    
__STARTOFDIRECTORY__      0000CB REA    __BSS_SIZE__              000105 REA    
__DATA_SIZE__             00012D REA    __MAIN_START__            000200 RLA    
joy_libref                000268 RLA    _exit                     000268 RLA    
initlib                   00027D RLA    irq_init                  000289  LAI   
initirq                   000289 RLA    __CONSTRUCTOR_TABLE__     000296 RLA    
_main                     000378 RLA    __RODATA_SIZE__           000384 REA    
addysp1                   0003B1 RLA    callmain                  0003BF RLA    
donelib                   0003D6 RLA    decax1                    0003E2 RLA    
imul16x16r32              0003E9 RLA    __BLOCKSIZE__             000400 REA    
__BANK0BLOCKSIZE__        000400 REA    popax                     000414 RLA    
doneirq                   000429 RLA    irq_done                  000429  LAI   
_itoa                     000448 RLA    _joy_install              0004BE RLA    
negeax                    00050B RLA    negax                     00052D RLA    
popa                      00053B RLA    pusha                     000549 RLA    
pusha0                    00055D RLA    pushax                    00055F RLA    
_strlen                   000575 RLA    _tgi_install              00058B RLA    
tgi_inv_arg               0005E1 RLA    tgi_clippedline           0006CE RLA    
tgi_curtoxy               0007ED RLA    __STACKSIZE__             000800 REA    
_tgi_done                 000802 RLA    _tgi_gettextwidth         000810 RLA    
_tgi_getxres              000867 RLA    _tgi_getyres              00086E RLA    
tgi_imulround             00087C RLA    _tgi_init                 00089A RLA    
_tgi_ioctl                0008F2 RLA    tgi_outcode               0008FC RLA    
_tgi_outtext              00093D RLA    _tgi_outtextxy            0009CE RLA    
_tgi_setcolor             0009EF RLA    _tgi_setpalette           000A02 RLA    
_tgi_settextstyle         000A09 RLA    _tgi_vectorchar           000A8D RLA    
_toascii                  000B20 RLA    udiv32by16r16             000B23 RLA    
umul16x16r32              000B54 RLA    umul16x16r32m             000B58 RLA    
umul8x16r16               000B80 RLA    umul8x16r24               000B80 RLA    
zerobss                   000BAB RLA    __CODE_SIZE__             000CE5 REA    
__hextab                  000F8C RLA    __DESTRUCTOR_TABLE__      0012FB RLA    
__INTERRUPTOR_TABLE__     0012FD RLA    callirq                   001301 RLA    
_joy_read                 001351 REA    joy_read                  001351 RLA    
tgi_init                  00135A RLA    tgi_done                  00135D RLA    
tgi_geterror              001360 RLA    tgi_control               001363 RLA    
_tgi_clear                001366 REA    tgi_clear                 001366 RLA    
tgi_setviewpage           001369 RLA    tgi_setdrawpage           00136C RLA    
tgi_setcolor              00136F RLA    tgi_setpalette            001372 RLA    
_tgi_getdefpalette        001378 REA    tgi_getdefpalette         001378 RLA    
tgi_line                  001381 RLA    tgi_outtext               00138A RLA    
tgi_libref                00138D RLA    tgi_irq                   00138D  LAI   
_lynx_stdjoy_joy          001390 RLA    _joy_static_stddrv        001390 RLA    
_lynx_160_102_16_tgi      00139E RLA    _tgi_static_stddrv        00139E RLA    
__UPCODE_LOAD__           00142E RLA    _UpLoaderIRQ2             001464  LAI   
__BSS_RUN__               0014B0 RLA    _tgi_error                0014BA RLA    
_tgi_gmode                0014BB RLA    _tgi_curx                 0014BC RLA    
_tgi_cury                 0014BE RLA    _tgi_color                0014C0 RLA    
_tgi_font                 0014C1 RLA    _tgi_textdir              0014C2 RLA    
_tgi_vectorfont           0014C3 RLA    _tgi_textscalew           0014C5 RLA    
_tgi_charwidth            0014C9 RLA    _tgi_textscaleh           0014CB RLA    
_tgi_xmax                 0014D1 RLA    _tgi_ymax                 0014D3 RLA    
_tgi_xres                 0014D5 RLA    _tgi_yres                 0014D7 RLA    
_tgi_colorcount           0014D9 RLA    _tgi_fontwidth            0014DB RLA    
_tgi_fontheight           0014DC RLA    _tgi_flags                0014DF RLA    
tgi_clip_x1               0014E8 RLA    tgi_clip_y1               0014EA RLA    
tgi_clip_x2               0014EC RLA    tgi_clip_y2               0014EE RLA    
__MAIN_SIZE__             00B5D3 REA    


Imports list:
-------------
_FileBlockByte (extzp.o):
    bootldr.o                 lynx/extzp.inc:22
_FileBlockOffset (extzp.o):
    bootldr.o                 lynx/extzp.inc:17
_FileCurrBlock (extzp.o):
    bootldr.o                 lynx/extzp.inc:21
    uploader.o                extzp.inc:25
_FileDestAddr (extzp.o):
    bootldr.o                 lynx/extzp.inc:19
    uploader.o                extzp.inc:23
_FileDestPtr (extzp.o):
    bootldr.o                 lynx/extzp.inc:23
_FileEntry (extzp.o):
    bootldr.o                 lynx/extzp.inc:15
_FileFileLen (extzp.o):
    bootldr.o                 lynx/extzp.inc:20
    uploader.o                extzp.inc:24
_FileStartBlock (extzp.o):
    bootldr.o                 lynx/extzp.inc:16
__BANK0BLOCKSIZE__ ([linker generated]):
    exehdr.o                  lynx/exehdr.s:6
    bootldr.o                 lynx/bootldr.s:8
__BANK1BLOCKSIZE__ ([linker generated]):
    exehdr.o                  lynx/exehdr.s:7
__BLOCKSIZE__ ([linker generated]):
    directory.o               directory.asm:10
__BOOTLDR__ (bootldr.o):
    [linker generated]        lynx-uploader.cfg:10
__BSS_RUN__ ([linker generated]):
    zerobss.o                 common/zerobss.s:8
__BSS_SIZE__ ([linker generated]):
    zerobss.o                 common/zerobss.s:8
__CALLIRQ__ (callirq.o):
    tgi_irq.o                 lynx/tgi_irq.s:11
    uploader.o                uploader.asm:47
__CODE_SIZE__ ([linker generated]):
    directory.o               directory.asm:8
__CONSTRUCTOR_COUNT__ ([linker generated]):
    condes.o                  runtime/condes.s:18
__CONSTRUCTOR_TABLE__ ([linker generated]):
    condes.o                  runtime/condes.s:18
__DATA_SIZE__ ([linker generated]):
    directory.o               directory.asm:8
__DESTRUCTOR_COUNT__ ([linker generated]):
    condes.o                  runtime/condes.s:19
__DESTRUCTOR_TABLE__ ([linker generated]):
    condes.o                  runtime/condes.s:19
__EXEHDR__ (exehdr.o):
    [linker generated]        lynx-uploader.cfg:7
__INTERRUPTOR_COUNT__ ([linker generated]):
    callirq.o                 runtime/callirq.s:36
__INTERRUPTOR_TABLE__ ([linker generated]):
    callirq.o                 runtime/callirq.s:36
__MAIN_SIZE__ ([linker generated]):
    crt0.o                    lynx/crt0.s:25
__MAIN_START__ ([linker generated]):
    crt0.o                    lynx/crt0.s:25
    directory.o               directory.asm:7
__ONCE_SIZE__ ([linker generated]):
    directory.o               directory.asm:9
__RODATA_SIZE__ ([linker generated]):
    directory.o               directory.asm:8
__STACKSIZE__ ([linker generated]):
    crt0.o                    lynx/crt0.s:25
    [linker generated]        lynx-uploader.cfg:17
__STARTOFDIRECTORY__ ([linker generated]):
    directory.o               directory.asm:6
    [linker generated]        lynx-uploader.cfg:15
__STARTUP_SIZE__ ([linker generated]):
    directory.o               directory.asm:9
__STARTUP__ (crt0.o):
    main.o                    main.s:13
__UPCODE_LOAD__ ([linker generated]):
    directory.o               directory.asm:14
__UPCODE_SIZE__ ([linker generated]):
    directory.o               directory.asm:13
__UPDATA_SIZE__ ([linker generated]):
    directory.o               directory.asm:15
__hextab (_hextab.o):
    itoa.o                    common/itoa.s:10
__iodat (extzp.o):
    crt0.o                    lynx/extzp.inc:11
    bootldr.o                 lynx/extzp.inc:11
__iodir (extzp.o):
    crt0.o                    lynx/extzp.inc:12
__sprsys (extzp.o):
    lynx-160-102-16-tgi.o     lynx/tgi/../extzp.inc:14
    crt0.o                    lynx/extzp.inc:14
__viddma (extzp.o):
    lynx-160-102-16-tgi.o     lynx/tgi/../extzp.inc:13
    crt0.o                    lynx/extzp.inc:13
_exit (crt0.o):
    libref.o                  lynx/libref.s:6
_itoa (itoa.o):
    main.o                    main.s:26
_joy_install (joy-kernel.o):
    main.o                    main.s:24
_joy_read (joy_read.o):
    main.o                    main.s:25
_joy_static_stddrv (joy_stat_stddrv.o):
    main.o                    main.s:23
_lynx_160_102_16_tgi (lynx-160-102-16-tgi.o):
    tgi_stat_stddrv.o         lynx/tgi_stat_stddrv.s:10
_lynx_stdjoy_joy (lynx-stdjoy-joy.o):
    joy_stat_stddrv.o         lynx/joy_stat_stddrv.s:10
_main (main.o):
    callmain.o                runtime/callmain.s:11
_strlen (strlen.o):
    tgi_gettextwidth.o        tgi/tgi_gettextwidth.s:10
_tgi_charwidth (tgi-kernel.o):
    tgi_gettextwidth.o        /sdk/cc65/asminc/tgi-kernel.inc:126
_tgi_clear (tgi_clear.o):
    main.o                    main.s:17
_tgi_color (tgi-kernel.o):
    tgi_setcolor.o            /sdk/cc65/asminc/tgi-kernel.inc:120
_tgi_colorcount (tgi-kernel.o):
    tgi_setcolor.o            /sdk/cc65/asminc/tgi-kernel.inc:132
_tgi_curx (tgi-kernel.o):
    tgi_curtoxy.o             /sdk/cc65/asminc/tgi-kernel.inc:118
    tgi_vectorchar.o          /sdk/cc65/asminc/tgi-kernel.inc:118
    tgi_outtext.o             /sdk/cc65/asminc/tgi-kernel.inc:118
    tgi_outtextxy.o           /sdk/cc65/asminc/tgi-kernel.inc:118
_tgi_cury (tgi-kernel.o):
    tgi_curtoxy.o             /sdk/cc65/asminc/tgi-kernel.inc:119
    tgi_outtextxy.o           /sdk/cc65/asminc/tgi-kernel.inc:119
_tgi_done (tgi_done.o):
    tgi_init.o                /sdk/cc65/asminc/tgi-kernel.inc:193
    tgi-kernel.o              /sdk/cc65/asminc/tgi-kernel.inc:193
_tgi_error (tgi-kernel.o):
    tgi_init.o                /sdk/cc65/asminc/tgi-kernel.inc:116
_tgi_flags (tgi-kernel.o):
    tgi_settextstyle.o        /sdk/cc65/asminc/tgi-kernel.inc:137
_tgi_font (tgi-kernel.o):
    tgi_gettextwidth.o        /sdk/cc65/asminc/tgi-kernel.inc:121
    tgi_outtext.o             /sdk/cc65/asminc/tgi-kernel.inc:121
    tgi_settextstyle.o        /sdk/cc65/asminc/tgi-kernel.inc:121
_tgi_fontheight (tgi-kernel.o):
    tgi_settextstyle.o        /sdk/cc65/asminc/tgi-kernel.inc:135
_tgi_fontwidth (tgi-kernel.o):
    tgi_settextstyle.o        /sdk/cc65/asminc/tgi-kernel.inc:134
_tgi_getdefpalette (tgi_getdefpalette.o):
    main.o                    main.s:20
_tgi_gettextwidth (tgi_gettextwidth.o):
    tgi_outtext.o             /sdk/cc65/asminc/tgi-kernel.inc:208
_tgi_getxres (tgi_getxres.o):
    tgi_init.o                /sdk/cc65/asminc/tgi-kernel.inc:209
_tgi_getyres (tgi_getyres.o):
    tgi_init.o                /sdk/cc65/asminc/tgi-kernel.inc:210
_tgi_gmode (tgi-kernel.o):
    tgi_init.o                /sdk/cc65/asminc/tgi-kernel.inc:117
    tgi_done.o                /sdk/cc65/asminc/tgi-kernel.inc:117
_tgi_init (tgi_init.o):
    main.o                    main.s:16
_tgi_install (tgi-kernel.o):
    main.o                    main.s:15
_tgi_ioctl (tgi_ioctl.o):
    main.o                    main.s:22
_tgi_outtext (tgi_outtext.o):
    tgi_outtextxy.o           /sdk/cc65/asminc/tgi-kernel.inc:220
_tgi_outtextxy (tgi_outtextxy.o):
    main.o                    main.s:21
_tgi_setcolor (tgi_setcolor.o):
    tgi_init.o                /sdk/cc65/asminc/tgi-kernel.inc:224
    main.o                    main.s:18
_tgi_setpalette (tgi_setpalette.o):
    main.o                    main.s:19
_tgi_settextstyle (tgi_settextstyle.o):
    tgi_init.o                /sdk/cc65/asminc/tgi-kernel.inc:230
_tgi_static_stddrv (tgi_stat_stddrv.o):
    main.o                    main.s:14
_tgi_textdir (tgi-kernel.o):
    tgi_vectorchar.o          /sdk/cc65/asminc/tgi-kernel.inc:122
    tgi_outtext.o             /sdk/cc65/asminc/tgi-kernel.inc:122
    tgi_settextstyle.o        /sdk/cc65/asminc/tgi-kernel.inc:122
_tgi_textscaleh (tgi-kernel.o):
    tgi_vectorchar.o          /sdk/cc65/asminc/tgi-kernel.inc:125
_tgi_textscalew (tgi-kernel.o):
    tgi_gettextwidth.o        /sdk/cc65/asminc/tgi-kernel.inc:124
    tgi_vectorchar.o          /sdk/cc65/asminc/tgi-kernel.inc:124
    tgi_outtext.o             /sdk/cc65/asminc/tgi-kernel.inc:124
    tgi_settextstyle.o        /sdk/cc65/asminc/tgi-kernel.inc:124
_tgi_vectorchar (tgi_vectorchar.o):
    tgi_outtext.o             /sdk/cc65/asminc/tgi-vectorfont.inc:67
_tgi_vectorfont (tgi-kernel.o):
    tgi_gettextwidth.o        /sdk/cc65/asminc/tgi-kernel.inc:123
    tgi_vectorchar.o          /sdk/cc65/asminc/tgi-kernel.inc:123
    tgi_outtext.o             /sdk/cc65/asminc/tgi-kernel.inc:123
_tgi_xmax (tgi-kernel.o):
    tgi_clippedline.o         /sdk/cc65/asminc/tgi-kernel.inc:130
    tgi_init.o                /sdk/cc65/asminc/tgi-kernel.inc:130
_tgi_xres (tgi-kernel.o):
    tgi_outcode.o             /sdk/cc65/asminc/tgi-kernel.inc:128
    tgi_getxres.o             /sdk/cc65/asminc/tgi-kernel.inc:128
_tgi_ymax (tgi-kernel.o):
    tgi_clippedline.o         /sdk/cc65/asminc/tgi-kernel.inc:131
    tgi_init.o                /sdk/cc65/asminc/tgi-kernel.inc:131
_tgi_yres (tgi-kernel.o):
    tgi_outcode.o             /sdk/cc65/asminc/tgi-kernel.inc:129
    tgi_getyres.o             /sdk/cc65/asminc/tgi-kernel.inc:129
_toascii (toascii.o):
    tgi_gettextwidth.o        tgi/tgi_gettextwidth.s:10
    tgi_outtext.o             tgi/tgi_outtext.s:12
addysp1 (addysp.o):
    tgi_outtextxy.o           tgi/tgi_outtextxy.s:10
    itoa.o                    common/itoa.s:9
callirq (callirq.o):
    irq.o                     lynx/irq.s:6
callmain (callmain.o):
    crt0.o                    lynx/crt0.s:23
decax1 (decax1.o):
    tgi_init.o                tgi/tgi_init.s:11
doneirq (irq.o):
    callirq.o                 runtime/callirq.s:38
donelib (condes.o):
    crt0.o                    lynx/crt0.s:21
imul16x16r32 (imul16x16r32.o):
    tgi_imulround.o           tgi/tgi_imulround.s:14
initirq (irq.o):
    callirq.o                 runtime/callirq.s:37
initlib (condes.o):
    crt0.o                    lynx/crt0.s:21
joy_libref (libref.o):
    joy-kernel.o              joystick/joy-kernel.s:7
joy_read (joy-kernel.o):
    joy_read.o                /sdk/cc65/asminc/joy-kernel.inc:71
negax (negabs.o):
    imul16x16r32.o            runtime/imul16x16r32.s:8
    tgi_clippedline.o         tgi/tgi_clippedline.s:9
    tgi_outtext.o             tgi/tgi_outtext.s:13
negeax (lneg.o):
    imul16x16r32.o            runtime/imul16x16r32.s:8
popa (popa.o):
    tgi_settextstyle.o        tgi/tgi_settextstyle.s:10
    tgi_ioctl.o               tgi/tgi_ioctl.s:13
popax (incsp2.o):
    tgi_imulround.o           tgi/tgi_imulround.s:14
    tgi_settextstyle.o        tgi/tgi_settextstyle.s:10
ptr1 (zeropage.o):
    imul16x16r32.o            /sdk/cc65/asminc/zeropage.inc:12
    umul16x16r32.o            /sdk/cc65/asminc/zeropage.inc:12
    udiv32by16r16.o           /sdk/cc65/asminc/zeropage.inc:12
    tgi_imulround.o           /sdk/cc65/asminc/zeropage.inc:12
    tgi_gettextwidth.o        /sdk/cc65/asminc/zeropage.inc:12
    tgi_curtoxy.o             tgi/tgi_curtoxy.s:9
    tgi_clippedline.o         /sdk/cc65/asminc/zeropage.inc:12
    tgi_vectorchar.o          /sdk/cc65/asminc/zeropage.inc:12
    tgi_outtext.o             /sdk/cc65/asminc/zeropage.inc:12
    lynx-160-102-16-tgi.o     /sdk/cc65/asminc/zeropage.inc:12
    zerobss.o                 common/zerobss.s:9
    umul8x16r24.o             /sdk/cc65/asminc/zeropage.inc:12
    tgi_settextstyle.o        /sdk/cc65/asminc/zeropage.inc:12
    tgi_setpalette.o          tgi/tgi_setpalette.s:12
    tgi_ioctl.o               tgi/tgi_ioctl.s:14
    tgi_init.o                tgi/tgi_init.s:12
    tgi-kernel.o              tgi/tgi-kernel.s:8
    joy-kernel.o              joystick/joy-kernel.s:8
ptr2 (zeropage.o):
    strlen.o                  common/strlen.s:12
    udiv32by16r16.o           /sdk/cc65/asminc/zeropage.inc:12
    tgi_gettextwidth.o        /sdk/cc65/asminc/zeropage.inc:12
    tgi_curtoxy.o             tgi/tgi_curtoxy.s:9
    tgi_clippedline.o         /sdk/cc65/asminc/zeropage.inc:12
    lynx-160-102-16-tgi.o     /sdk/cc65/asminc/zeropage.inc:12
    itoa.o                    common/itoa.s:11
ptr3 (zeropage.o):
    imul16x16r32.o            /sdk/cc65/asminc/zeropage.inc:12
    umul16x16r32.o            /sdk/cc65/asminc/zeropage.inc:12
    udiv32by16r16.o           /sdk/cc65/asminc/zeropage.inc:12
    tgi_gettextwidth.o        /sdk/cc65/asminc/zeropage.inc:12
    tgi_outtext.o             /sdk/cc65/asminc/zeropage.inc:12
    lynx-160-102-16-tgi.o     /sdk/cc65/asminc/zeropage.inc:12
    umul8x16r24.o             /sdk/cc65/asminc/zeropage.inc:12
    itoa.o                    common/itoa.s:11
ptr4 (zeropage.o):
    lynx-160-102-16-tgi.o     /sdk/cc65/asminc/zeropage.inc:12
pusha (pusha.o):
    tgi_init.o                tgi/tgi_init.s:11
    main.o                    main.s:295
    main.o                    main.s:295
    main.o                    main.s:295
pusha0 (pushax.o):
    main.o                    main.s:295
pushax (pushax.o):
    callmain.o                runtime/callmain.s:11
    tgi_init.o                tgi/tgi_init.s:11
    main.o                    main.s:295
regbank (zeropage.o):
    tgi_vectorchar.o          /sdk/cc65/asminc/zeropage.inc:14
    tgi_outtext.o             /sdk/cc65/asminc/zeropage.inc:14
sp (zeropage.o):
    popa.o                    runtime/popa.s:8
    incsp2.o                  runtime/incsp2.s:8
    addysp.o                  runtime/addysp.s:8
    tgi_outtextxy.o           tgi/tgi_outtextxy.s:11
    pushax.o                  runtime/pushax.s:8
    pusha.o                   runtime/pusha.s:8
    itoa.o                    common/itoa.s:11
    crt0.o                    /sdk/cc65/asminc/zeropage.inc:11
sreg (zeropage.o):
    lneg.o                    runtime/lneg.s:11
    umul16x16r32.o            /sdk/cc65/asminc/zeropage.inc:11
    udiv32by16r16.o           /sdk/cc65/asminc/zeropage.inc:11
    tgi_imulround.o           /sdk/cc65/asminc/zeropage.inc:11
    tgi_clippedline.o         /sdk/cc65/asminc/zeropage.inc:11
    umul8x16r24.o             /sdk/cc65/asminc/zeropage.inc:11
    itoa.o                    common/itoa.s:11
tgi_clear (tgi-kernel.o):
    tgi_clear.o               /sdk/cc65/asminc/tgi-kernel.inc:156
tgi_clip_x1 (tgi_outcode.o):
    tgi_clippedline.o         /sdk/cc65/asminc/tgi-kernel.inc:142
    tgi_vectorchar.o          /sdk/cc65/asminc/tgi-kernel.inc:142
tgi_clip_x2 (tgi_outcode.o):
    tgi_clippedline.o         /sdk/cc65/asminc/tgi-kernel.inc:144
tgi_clip_y1 (tgi_outcode.o):
    tgi_clippedline.o         /sdk/cc65/asminc/tgi-kernel.inc:143
tgi_clip_y2 (tgi_outcode.o):
    tgi_clippedline.o         /sdk/cc65/asminc/tgi-kernel.inc:145
tgi_clippedline (tgi_clippedline.o):
    tgi_vectorchar.o          /sdk/cc65/asminc/tgi-kernel.inc:174
tgi_color_white (tgi_colors.o):
    tgi_init.o                /sdk/cc65/asminc/tgi-kernel.inc:110
tgi_control (tgi-kernel.o):
    tgi_ioctl.o               /sdk/cc65/asminc/tgi-kernel.inc:155
tgi_curtoxy (tgi_curtoxy.o):
    tgi_outtext.o             /sdk/cc65/asminc/tgi-kernel.inc:175
tgi_done (tgi-kernel.o):
    tgi_done.o                /sdk/cc65/asminc/tgi-kernel.inc:153
tgi_getdefpalette (tgi-kernel.o):
    tgi_init.o                /sdk/cc65/asminc/tgi-kernel.inc:162
    tgi_getdefpalette.o       /sdk/cc65/asminc/tgi-kernel.inc:162
tgi_geterror (tgi-kernel.o):
    tgi_init.o                /sdk/cc65/asminc/tgi-kernel.inc:154
tgi_imulround (tgi_imulround.o):
    tgi_gettextwidth.o        /sdk/cc65/asminc/tgi-kernel.inc:177
    tgi_vectorchar.o          /sdk/cc65/asminc/tgi-kernel.inc:177
    tgi_outtext.o             /sdk/cc65/asminc/tgi-kernel.inc:177
tgi_init (tgi-kernel.o):
    tgi_init.o                /sdk/cc65/asminc/tgi-kernel.inc:152
tgi_inv_arg (tgi-kernel.o):
    tgi_setcolor.o            /sdk/cc65/asminc/tgi-kernel.inc:178
tgi_libref (tgi_irq.o):
    tgi-kernel.o              tgi/tgi-kernel.s:7
tgi_line (tgi-kernel.o):
    tgi_clippedline.o         /sdk/cc65/asminc/tgi-kernel.inc:165
tgi_outcode (tgi_outcode.o):
    tgi_clippedline.o         /sdk/cc65/asminc/tgi-kernel.inc:181
tgi_outtext (tgi-kernel.o):
    tgi_outtext.o             /sdk/cc65/asminc/tgi-kernel.inc:168
tgi_setcolor (tgi-kernel.o):
    tgi_setcolor.o            /sdk/cc65/asminc/tgi-kernel.inc:159
tgi_setdrawpage (tgi-kernel.o):
    tgi_init.o                /sdk/cc65/asminc/tgi-kernel.inc:158
tgi_setpalette (tgi-kernel.o):
    tgi_setpalette.o          /sdk/cc65/asminc/tgi-kernel.inc:160
    tgi_init.o                /sdk/cc65/asminc/tgi-kernel.inc:160
tgi_setviewpage (tgi-kernel.o):
    tgi_init.o                /sdk/cc65/asminc/tgi-kernel.inc:157
tmp1 (zeropage.o):
    imul16x16r32.o            /sdk/cc65/asminc/zeropage.inc:13
    tgi_outcode.o             /sdk/cc65/asminc/zeropage.inc:13
    tgi_clippedline.o         /sdk/cc65/asminc/zeropage.inc:13
    lynx-160-102-16-tgi.o     /sdk/cc65/asminc/zeropage.inc:13
    itoa.o                    common/itoa.s:11
    main.o                    main.s:11
tmp2 (zeropage.o):
    lynx-160-102-16-tgi.o     /sdk/cc65/asminc/zeropage.inc:13
tmp3 (zeropage.o):
    lynx-160-102-16-tgi.o     /sdk/cc65/asminc/zeropage.inc:13
tmp4 (zeropage.o):
    lynx-160-102-16-tgi.o     /sdk/cc65/asminc/zeropage.inc:13
udiv32by16r16 (udiv32by16r16.o):
    tgi_clippedline.o         tgi/tgi_clippedline.s:8
umul16x16r32 (umul16x16r32.o):
    tgi_clippedline.o         tgi/tgi_clippedline.s:8
umul16x16r32m (umul16x16r32.o):
    imul16x16r32.o            runtime/imul16x16r32.s:8
umul8x16r16 (umul8x16r24.o):
    tgi_gettextwidth.o        tgi/tgi_gettextwidth.s:11
umul8x16r24 (umul8x16r24.o):
    tgi_settextstyle.o        tgi/tgi_settextstyle.s:9
zerobss (zerobss.o):
    crt0.o                    lynx/crt0.s:22

