Modules list:
-------------
main.o:
    CODE              Offs=000000  Size=000176  Align=00001  Fill=0000
    RODATA            Offs=000000  Size=00000E  Align=00001  Fill=0000
    BSS               Offs=000000  Size=00001B  Align=00001  Fill=0000
uploader.o:
    UPCODE            Offs=000000  Size=000060  Align=00001  Fill=0000
    UPDATA            Offs=000000  Size=000001  Align=00001  Fill=0000
directory.o:
    DIRECTORY         Offs=000000  Size=000010  Align=00001  Fill=0000
/usr/share/cc65/lib/lynx.lib(_directerrno.o):
    CODE              Offs=000176  Size=000009  Align=00001  Fill=0000
/usr/share/cc65/lib/lynx.lib(_hextab.o):
    RODATA            Offs=00000E  Size=000010  Align=00001  Fill=0000
/usr/share/cc65/lib/lynx.lib(_oserror.o):
    BSS               Offs=00001B  Size=000001  Align=00001  Fill=0000
/usr/share/cc65/lib/lynx.lib(_seterrno.o):
    CODE              Offs=00017F  Size=000009  Align=00001  Fill=0000
/usr/share/cc65/lib/lynx.lib(addysp.o):
    CODE              Offs=000188  Size=00000E  Align=00001  Fill=0000
/usr/share/cc65/lib/lynx.lib(aslax3.o):
    CODE              Offs=000196  Size=00000E  Align=00001  Fill=0000
/usr/share/cc65/lib/lynx.lib(atoi.o):
    CODE              Offs=0001A4  Size=000091  Align=00001  Fill=0000
/usr/share/cc65/lib/lynx.lib(axlong.o):
    CODE              Offs=000235  Size=00000D  Align=00001  Fill=0000
/usr/share/cc65/lib/lynx.lib(bootldr.o):
    BOOTLDR           Offs=000000  Size=0000CB  Align=00001  Fill=0000
/usr/share/cc65/lib/lynx.lib(callirq.o):
    DATA              Offs=000000  Size=00001E  Align=00001  Fill=0000
/usr/share/cc65/lib/lynx.lib(callmain.o):
    CODE              Offs=000242  Size=000017  Align=00001  Fill=0000
    DATA              Offs=00001E  Size=000004  Align=00001  Fill=0000
/usr/share/cc65/lib/lynx.lib(condes.o):
    CODE              Offs=000259  Size=00000C  Align=00001  Fill=0000
    DATA              Offs=000022  Size=000025  Align=00001  Fill=0000
    ONCE              Offs=000000  Size=00000C  Align=00001  Fill=0000
/usr/share/cc65/lib/lynx.lib(crt0.o):
    RODATA            Offs=00001E  Size=00002C  Align=00001  Fill=0000
    STARTUP           Offs=000000  Size=00006D  Align=00001  Fill=0000
/usr/share/cc65/lib/lynx.lib(ctype.o):
    RODATA            Offs=00004A  Size=00008B  Align=00001  Fill=0000
/usr/share/cc65/lib/lynx.lib(ctypemask.o):
    CODE              Offs=000265  Size=00001E  Align=00001  Fill=0000
/usr/share/cc65/lib/lynx.lib(decax1.o):
    CODE              Offs=000283  Size=000007  Align=00001  Fill=0000
/usr/share/cc65/lib/lynx.lib(decsp4.o):
    CODE              Offs=00028A  Size=00000D  Align=00001  Fill=0000
/usr/share/cc65/lib/lynx.lib(decsp6.o):
    CODE              Offs=000297  Size=00000D  Align=00001  Fill=0000
/usr/share/cc65/lib/lynx.lib(errno.o):
    BSS               Offs=00001C  Size=000002  Align=00001  Fill=0000
/usr/share/cc65/lib/lynx.lib(exehdr.o):
    EXEHDR            Offs=000000  Size=000040  Align=00001  Fill=0000
/usr/share/cc65/lib/lynx.lib(extzp.o):
    EXTZP             Offs=000000  Size=000011  Align=00001  Fill=0000
/usr/share/cc65/lib/lynx.lib(imul16x16r32.o):
    CODE              Offs=0002A4  Size=00002B  Align=00001  Fill=0000
/usr/share/cc65/lib/lynx.lib(incsp2.o):
    CODE              Offs=0002CF  Size=000015  Align=00001  Fill=0000
/usr/share/cc65/lib/lynx.lib(incsp4.o):
    CODE              Offs=0002E4  Size=000005  Align=00001  Fill=0000
/usr/share/cc65/lib/lynx.lib(incsp6.o):
    CODE              Offs=0002E9  Size=000005  Align=00001  Fill=0000
/usr/share/cc65/lib/lynx.lib(incsp8.o):
    CODE              Offs=0002EE  Size=000005  Align=00001  Fill=0000
/usr/share/cc65/lib/lynx.lib(irq.o):
    CODE              Offs=0002F3  Size=000001  Align=00001  Fill=0000
    ONCE              Offs=00000C  Size=00000D  Align=00001  Fill=0000
    LOWCODE           Offs=000000  Size=000010  Align=00001  Fill=0000
/usr/share/cc65/lib/lynx.lib(itoa.o):
    CODE              Offs=0002F4  Size=000094  Align=00001  Fill=0000
    RODATA            Offs=0000D5  Size=000007  Align=00001  Fill=0000
/usr/share/cc65/lib/lynx.lib(joy-kernel.o):
    CODE              Offs=000388  Size=00004D  Align=00001  Fill=0000
    RODATA            Offs=0000DC  Size=000004  Align=00001  Fill=0000
    BSS               Offs=00001E  Size=000002  Align=00001  Fill=0000
    DATA              Offs=000047  Size=00000C  Align=00001  Fill=0000
/usr/share/cc65/lib/lynx.lib(joy_read.o):
/usr/share/cc65/lib/lynx.lib(joy_stat_stddrv.o):
/usr/share/cc65/lib/lynx.lib(ladd.o):
    CODE              Offs=0003D5  Size=000024  Align=00001  Fill=0000
/usr/share/cc65/lib/lynx.lib(land.o):
    CODE              Offs=0003F9  Size=000021  Align=00001  Fill=0000
/usr/share/cc65/lib/lynx.lib(lasr.o):
    CODE              Offs=00041A  Size=00001E  Align=00001  Fill=0000
/usr/share/cc65/lib/lynx.lib(ldaxsp.o):
    CODE              Offs=000438  Size=000009  Align=00001  Fill=0000
/usr/share/cc65/lib/lynx.lib(ldeaxysp.o):
    CODE              Offs=000441  Size=000013  Align=00001  Fill=0000
/usr/share/cc65/lib/lynx.lib(libref.o):
/usr/share/cc65/lib/lynx.lib(lneg.o):
    CODE              Offs=000454  Size=00001E  Align=00001  Fill=0000
/usr/share/cc65/lib/lynx.lib(load.o):
    CODE              Offs=000472  Size=00001F  Align=00001  Fill=0000
/usr/share/cc65/lib/lynx.lib(lpop.o):
    CODE              Offs=000491  Size=000014  Align=00001  Fill=0000
/usr/share/cc65/lib/lynx.lib(lpush.o):
    CODE              Offs=0004A5  Size=00001E  Align=00001  Fill=0000
/usr/share/cc65/lib/lynx.lib(lseek.o):
    CODE              Offs=0004C3  Size=00003C  Align=00001  Fill=0000
/usr/share/cc65/lib/lynx.lib(lynx-cart.o):
    CODE              Offs=0004FF  Size=00005E  Align=00001  Fill=0000
/usr/share/cc65/lib/lynx.lib(negabs.o):
    CODE              Offs=00055D  Size=000012  Align=00001  Fill=0000
/usr/share/cc65/lib/lynx.lib(open.o):
    CODE              Offs=00056F  Size=000098  Align=00001  Fill=0000
    DATA              Offs=000053  Size=000004  Align=00001  Fill=0000
/usr/share/cc65/lib/lynx.lib(popa.o):
    CODE              Offs=000607  Size=00000A  Align=00001  Fill=0000
/usr/share/cc65/lib/lynx.lib(pusha.o):
    CODE              Offs=000611  Size=000016  Align=00001  Fill=0000
/usr/share/cc65/lib/lynx.lib(pushax.o):
    CODE              Offs=000627  Size=00001A  Align=00001  Fill=0000
/usr/share/cc65/lib/lynx.lib(read.o):
    CODE              Offs=000641  Size=000021  Align=00001  Fill=0000
/usr/share/cc65/lib/lynx.lib(staxsp.o):
    CODE              Offs=000662  Size=00000B  Align=00001  Fill=0000
/usr/share/cc65/lib/lynx.lib(steaxsp.o):
    CODE              Offs=00066D  Size=000015  Align=00001  Fill=0000
/usr/share/cc65/lib/lynx.lib(strlen.o):
    CODE              Offs=000682  Size=000016  Align=00001  Fill=0000
/usr/share/cc65/lib/lynx.lib(tgi-kernel.o):
    CODE              Offs=000698  Size=00007F  Align=00001  Fill=0000
    RODATA            Offs=0000E0  Size=000004  Align=00001  Fill=0000
    BSS               Offs=000020  Size=000028  Align=00001  Fill=0000
    DATA              Offs=000057  Size=000039  Align=00001  Fill=0000
/usr/share/cc65/lib/lynx.lib(tgi_clear.o):
/usr/share/cc65/lib/lynx.lib(tgi_clippedline.o):
    CODE              Offs=000717  Size=0001E3  Align=00001  Fill=0000
    BSS               Offs=000048  Size=000008  Align=00001  Fill=0000
/usr/share/cc65/lib/lynx.lib(tgi_colors.o):
/usr/share/cc65/lib/lynx.lib(tgi_curtoxy.o):
    CODE              Offs=0008FA  Size=000015  Align=00001  Fill=0000
/usr/share/cc65/lib/lynx.lib(tgi_done.o):
    CODE              Offs=00090F  Size=00000E  Align=00001  Fill=0000
/usr/share/cc65/lib/lynx.lib(tgi_gettextwidth.o):
    CODE              Offs=00091D  Size=000057  Align=00001  Fill=0000
/usr/share/cc65/lib/lynx.lib(tgi_getxres.o):
    CODE              Offs=000974  Size=000007  Align=00001  Fill=0000
/usr/share/cc65/lib/lynx.lib(tgi_getyres.o):
    CODE              Offs=00097B  Size=000007  Align=00001  Fill=0000
/usr/share/cc65/lib/lynx.lib(tgi_imulround.o):
    CODE              Offs=000982  Size=000025  Align=00001  Fill=0000
/usr/share/cc65/lib/lynx.lib(tgi_init.o):
    CODE              Offs=0009A7  Size=000058  Align=00001  Fill=0000
/usr/share/cc65/lib/lynx.lib(tgi_ioctl.o):
    CODE              Offs=0009FF  Size=00000A  Align=00001  Fill=0000
/usr/share/cc65/lib/lynx.lib(tgi_irq.o):
    DATA              Offs=000090  Size=000003  Align=00001  Fill=0000
/usr/share/cc65/lib/lynx.lib(tgi_outcode.o):
    CODE              Offs=000A09  Size=000041  Align=00001  Fill=0000
    BSS               Offs=000050  Size=000008  Align=00001  Fill=0000
/usr/share/cc65/lib/lynx.lib(tgi_outtext.o):
    CODE              Offs=000A4A  Size=000091  Align=00001  Fill=0000
/usr/share/cc65/lib/lynx.lib(tgi_outtextxy.o):
    CODE              Offs=000ADB  Size=000021  Align=00001  Fill=0000
/usr/share/cc65/lib/lynx.lib(tgi_setcolor.o):
    CODE              Offs=000AFC  Size=000013  Align=00001  Fill=0000
/usr/share/cc65/lib/lynx.lib(tgi_settextstyle.o):
    CODE              Offs=000B0F  Size=000042  Align=00001  Fill=0000
/usr/share/cc65/lib/lynx.lib(tgi_stat_stddrv.o):
/usr/share/cc65/lib/lynx.lib(tgi_vectorchar.o):
    CODE              Offs=000B51  Size=0000D5  Align=00001  Fill=0000
    BSS               Offs=000058  Size=000008  Align=00001  Fill=0000
/usr/share/cc65/lib/lynx.lib(toascii.o):
    CODE              Offs=000C26  Size=000003  Align=00001  Fill=0000
/usr/share/cc65/lib/lynx.lib(udiv32by16r16.o):
    CODE              Offs=000C29  Size=000031  Align=00001  Fill=0000
/usr/share/cc65/lib/lynx.lib(umul16x16r32.o):
    CODE              Offs=000C5A  Size=00002C  Align=00001  Fill=0000
/usr/share/cc65/lib/lynx.lib(umul8x16r24.o):
    CODE              Offs=000C86  Size=00002B  Align=00001  Fill=0000
/usr/share/cc65/lib/lynx.lib(zerobss.o):
    CODE              Offs=000CB1  Size=000023  Align=00001  Fill=0000
/usr/share/cc65/lib/lynx.lib(zeropage.o):
    ZEROPAGE          Offs=000000  Size=00001A  Align=00001  Fill=0000
/usr/share/cc65/lib/lynx.lib(lynx-stdjoy-joy.o):
    CODE              Offs=000CD4  Size=000011  Align=00001  Fill=0000
    DATA              Offs=000093  Size=00000E  Align=00001  Fill=0000
/usr/share/cc65/lib/lynx.lib(lynx-160-102-16-tgi.o):
    CODE              Offs=000CE5  Size=00039E  Align=00001  Fill=0000
    RODATA            Offs=0000E4  Size=000324  Align=00001  Fill=0000
    BSS               Offs=000060  Size=0000BD  Align=00001  Fill=0000
    DATA              Offs=0000A1  Size=000090  Align=00001  Fill=0000


Segment list:
-------------
Name                   Start     End    Size  Align
----------------------------------------------------
DIRECTORY             000000  00000F  000010  00001
EXEHDR                000000  00003F  000040  00001
ZEROPAGE              000000  000019  00001A  00001
EXTZP                 00001A  00002A  000011  00001
BOOTLDR               000200  0002CA  0000CB  00001
STARTUP               000200  00026C  00006D  00001
LOWCODE               00026D  00027C  000010  00001
ONCE                  00027D  000297  00001B  00001
CODE                  000298  00131A  001083  00001
RODATA                00131B  001728  00040E  00001
DATA                  001729  001859  000131  00001
BSS                   00185A  001976  00011D  00001
UPCODE                00BFD7  00C036  000060  00001
UPDATA                00C037  00C037  000001  00001


Exports list by name:
---------------------
_FileBlockByte            000027 RLZ    _FileBlockOffset          00001F RLZ    
_FileCurrBlock            000026 RLZ    _FileDestAddr             000022 RLZ    
_FileDestPtr              000029 RLZ    _FileEntry                00001E RLZ    
_FileFileLen              000024 RLZ    _FileStartBlock           00001E RLZ    
_UPLOAD_FILENR            000001 REA    _UpLoaderIRQ2             00C00D  LAI   
__BANK0BLOCKSIZE__        000400 REA    __BANK1BLOCKSIZE__        000000 REA    
__BLOCKSIZE__             000400 REA    __BOOTLDR__               000001 REA    
__BSS_RUN__               00185A RLA    __BSS_SIZE__              00011D REA    
__CALLIRQ__               000001 REA    __CODE_SIZE__             001083 REA    
__CONSTRUCTOR_COUNT__     000001 REA    __CONSTRUCTOR_TABLE__     000296 RLA    
__DATA_SIZE__             000131 REA    __DESTRUCTOR_COUNT__      000001 REA    
__DESTRUCTOR_TABLE__      001723 RLA    __EXEHDR__                000001 REA    
__INTERRUPTOR_COUNT__     000002 REA    __INTERRUPTOR_TABLE__     001725 RLA    
__LOWCODE_SIZE__          000010 REA    __MAIN_SIZE__             00B5D3 REA    
__MAIN_START__            000200 RLA    __ONCE_SIZE__             00001B REA    
__RODATA_SIZE__           00040E REA    __STACKSIZE__             000800 REA    
__STARTOFDIRECTORY__      0000CB REA    __STARTUP_LOAD__          000200 RLA    
__STARTUP_SIZE__          00006D REA    __STARTUP__               000001 REA    
__UPCODE_LOAD__           00BFD7 RLA    __UPCODE_SIZE__           000060 REA    
__UPDATA_SIZE__           000001 REA    ___directerrno            00040E RLA    
___errno                  001876 RLA    ___oserror                001875 RLA    
___seterrno               000417 RLA    __ctype                   001365 RLA    
__ctypeidx                001370 RLA    __hextab                  001329 RLA    
__iodat                   00001A RLZ    __iodir                   00001B RLZ    
__sprsys                  00001D RLZ    __viddma                  00001C RLZ    
_atoi                     00043C RLA    _exit                     000268 RLA    
_itoa                     0005AA RLA    _joy_install              000620 RLA    
_joy_read                 001779 REA    _joy_static_stddrv        0017BC RLA    
_lseek                    00075B RLA    _lynx_160_102_16_tgi      0017CA RLA    
_lynx_load                00070A RLA    _lynx_stdjoy_joy          0017BC RLA    
_main                     000394 RLA    _openn                    000838 RLA    
_read                     0008D9 RLA    _strlen                   00091A RLA    
_tgi_charwidth            00188B RLA    _tgi_clear                001792 REA    
_tgi_color                001882 RLA    _tgi_colorcount           00189B RLA    
_tgi_curx                 00187E RLA    _tgi_cury                 001880 RLA    
_tgi_done                 000BA7 RLA    _tgi_error                00187C RLA    
_tgi_flags                0018A1 RLA    _tgi_font                 001883 RLA    
_tgi_fontheight           00189E RLA    _tgi_fontwidth            00189D RLA    
_tgi_gettextwidth         000BB5 RLA    _tgi_getxres              000C0C RLA    
_tgi_getyres              000C13 RLA    _tgi_gmode                00187D RLA    
_tgi_init                 000C3F RLA    _tgi_install              000930 RLA    
_tgi_ioctl                000C97 RLA    _tgi_outtext              000CE2 RLA    
_tgi_outtextxy            000D73 RLA    _tgi_setcolor             000D94 RLA    
_tgi_settextstyle         000DA7 RLA    _tgi_static_stddrv        0017CA RLA    
_tgi_textdir              001884 RLA    _tgi_textscaleh           00188D RLA    
_tgi_textscalew           001887 RLA    _tgi_vectorchar           000E2B RLA    
_tgi_vectorfont           001885 RLA    _tgi_xmax                 001893 RLA    
_tgi_xres                 001897 RLA    _tgi_ymax                 001895 RLA    
_tgi_yres                 001899 RLA    _toascii                  000EBE RLA    
addysp                    000421 RLA    addysp1                   000420 RLA    
aslax3                    00042E RLA    axlong                    0004CD RLA    
callirq                   001729 RLA    callmain                  0004DA RLA    
ctypemaskdirect           000501 RLA    decax1                    00051B RLA    
decsp4                    000522 RLA    decsp6                    00052F RLA    
doneirq                   00058B RLA    donelib                   0004F1 RLA    
imul16x16r32              00053C RLA    incsp2                    00056E RLA    
incsp4                    00057C RLA    incsp6                    000581 RLA    
incsp8                    000586 RLA    initirq                   000289 RLA    
initlib                   00027D RLA    irq_done                  00058B  LAI   
irq_init                  000289  LAI   joy_libref                000268 RLA    
joy_read                  001779 RLA    ldax0sp                   0006D0 RLA    
ldaxysp                   0006D2 RLA    ldeaxysp                  0006DB RLA    
lynxblock                 0007C0 RLA    lynxread0                 0007A2 RLA    
lynxskip0                 000797 RLA    negax                     0007F9 RLA    
negeax                    0006EC RLA    popa                      00089F RLA    
popax                     000567 RLA    popeax                    000729 RLA    
ptr1                      000008 RLZ    ptr2                      00000A RLZ    
ptr3                      00000C RLZ    ptr4                      00000E RLZ    
pusha                     0008AD RLA    pusha0                    0008C1 RLA    
pushax                    0008C3 RLA    pusheax                   000744 RLA    
regbank                   000014 RLZ    sp                        000000 RLZ    
sreg                      000002 RLZ    stax0sp                   0008FA RLA    
steaxysp                  000907 RLA    tgi_clear                 001792 RLA    
tgi_clip_x1               0018AA RLA    tgi_clip_x2               0018AE RLA    
tgi_clip_y1               0018AC RLA    tgi_clip_y2               0018B0 RLA    
tgi_clippedline           000A73 RLA    tgi_color_white           00000F REZ    
tgi_control               00178F RLA    tgi_curtoxy               000B92 RLA    
tgi_done                  001789 RLA    tgi_getdefpalette         0017A4 RLA    
tgi_geterror              00178C RLA    tgi_imulround             000C21 RLA    
tgi_init                  001786 RLA    tgi_inv_arg               000986 RLA    
tgi_irq                   0017B9  LAI   tgi_libref                0017B9 RLA    
tgi_line                  0017AD RLA    tgi_outcode               000CA1 RLA    
tgi_outtext               0017B6 RLA    tgi_setcolor              00179B RLA    
tgi_setdrawpage           001798 RLA    tgi_setpalette            00179E RLA    
tgi_setviewpage           001795 RLA    tmp1                      000010 RLZ    
tmp2                      000011 RLZ    tmp3                      000012 RLZ    
tmp4                      000013 RLZ    tosaddeax                 000673 RLA    
tosandeax                 000695 RLA    tosasreax                 0006B2 RLA    
udiv32by16r16             000EC1 RLA    umul16x16r32              000EF2 RLA    
umul16x16r32m             000EF6 RLA    umul8x16r16               000F1E RLA    
umul8x16r24               000F1E RLA    zerobss                   000F49 RLA    



Exports list by value:
----------------------
__BANK1BLOCKSIZE__        000000 REA    sp                        000000 RLZ    
__DESTRUCTOR_COUNT__      000001 REA    __UPDATA_SIZE__           000001 REA    
__STARTUP__               000001 REA    __EXEHDR__                000001 REA    
__BOOTLDR__               000001 REA    __CALLIRQ__               000001 REA    
_UPLOAD_FILENR            000001 REA    __CONSTRUCTOR_COUNT__     000001 REA    
__INTERRUPTOR_COUNT__     000002 REA    sreg                      000002 RLZ    
ptr1                      000008 RLZ    ptr2                      00000A RLZ    
ptr3                      00000C RLZ    ptr4                      00000E RLZ    
tgi_color_white           00000F REZ    __LOWCODE_SIZE__          000010 REA    
tmp1                      000010 RLZ    tmp2                      000011 RLZ    
tmp3                      000012 RLZ    tmp4                      000013 RLZ    
regbank                   000014 RLZ    __iodat                   00001A RLZ    
__iodir                   00001B RLZ    __ONCE_SIZE__             00001B REA    
__viddma                  00001C RLZ    __sprsys                  00001D RLZ    
_FileEntry                00001E RLZ    _FileStartBlock           00001E RLZ    
_FileBlockOffset          00001F RLZ    _FileDestAddr             000022 RLZ    
_FileFileLen              000024 RLZ    _FileCurrBlock            000026 RLZ    
_FileBlockByte            000027 RLZ    _FileDestPtr              000029 RLZ    
__UPCODE_SIZE__           000060 REA    __STARTUP_SIZE__          00006D REA    
__STARTOFDIRECTORY__      0000CB REA    __BSS_SIZE__              00011D REA    
__DATA_SIZE__             000131 REA    __MAIN_START__            000200 RLA    
__STARTUP_LOAD__          000200 RLA    joy_libref                000268 RLA    
_exit                     000268 RLA    initlib                   00027D RLA    
irq_init                  000289  LAI   initirq                   000289 RLA    
__CONSTRUCTOR_TABLE__     000296 RLA    _main                     000394 RLA    
__BANK0BLOCKSIZE__        000400 REA    __BLOCKSIZE__             000400 REA    
__RODATA_SIZE__           00040E REA    ___directerrno            00040E RLA    
___seterrno               000417 RLA    addysp1                   000420 RLA    
addysp                    000421 RLA    aslax3                    00042E RLA    
_atoi                     00043C RLA    axlong                    0004CD RLA    
callmain                  0004DA RLA    donelib                   0004F1 RLA    
ctypemaskdirect           000501 RLA    decax1                    00051B RLA    
decsp4                    000522 RLA    decsp6                    00052F RLA    
imul16x16r32              00053C RLA    popax                     000567 RLA    
incsp2                    00056E RLA    incsp4                    00057C RLA    
incsp6                    000581 RLA    incsp8                    000586 RLA    
irq_done                  00058B  LAI   doneirq                   00058B RLA    
_itoa                     0005AA RLA    _joy_install              000620 RLA    
tosaddeax                 000673 RLA    tosandeax                 000695 RLA    
tosasreax                 0006B2 RLA    ldax0sp                   0006D0 RLA    
ldaxysp                   0006D2 RLA    ldeaxysp                  0006DB RLA    
negeax                    0006EC RLA    _lynx_load                00070A RLA    
popeax                    000729 RLA    pusheax                   000744 RLA    
_lseek                    00075B RLA    lynxskip0                 000797 RLA    
lynxread0                 0007A2 RLA    lynxblock                 0007C0 RLA    
negax                     0007F9 RLA    __STACKSIZE__             000800 REA    
_openn                    000838 RLA    popa                      00089F RLA    
pusha                     0008AD RLA    pusha0                    0008C1 RLA    
pushax                    0008C3 RLA    _read                     0008D9 RLA    
stax0sp                   0008FA RLA    steaxysp                  000907 RLA    
_strlen                   00091A RLA    _tgi_install              000930 RLA    
tgi_inv_arg               000986 RLA    tgi_clippedline           000A73 RLA    
tgi_curtoxy               000B92 RLA    _tgi_done                 000BA7 RLA    
_tgi_gettextwidth         000BB5 RLA    _tgi_getxres              000C0C RLA    
_tgi_getyres              000C13 RLA    tgi_imulround             000C21 RLA    
_tgi_init                 000C3F RLA    _tgi_ioctl                000C97 RLA    
tgi_outcode               000CA1 RLA    _tgi_outtext              000CE2 RLA    
_tgi_outtextxy            000D73 RLA    _tgi_setcolor             000D94 RLA    
_tgi_settextstyle         000DA7 RLA    _tgi_vectorchar           000E2B RLA    
_toascii                  000EBE RLA    udiv32by16r16             000EC1 RLA    
umul16x16r32              000EF2 RLA    umul16x16r32m             000EF6 RLA    
umul8x16r16               000F1E RLA    umul8x16r24               000F1E RLA    
zerobss                   000F49 RLA    __CODE_SIZE__             001083 REA    
__hextab                  001329 RLA    __ctype                   001365 RLA    
__ctypeidx                001370 RLA    __DESTRUCTOR_TABLE__      001723 RLA    
__INTERRUPTOR_TABLE__     001725 RLA    callirq                   001729 RLA    
joy_read                  001779 RLA    _joy_read                 001779 REA    
tgi_init                  001786 RLA    tgi_done                  001789 RLA    
tgi_geterror              00178C RLA    tgi_control               00178F RLA    
tgi_clear                 001792 RLA    _tgi_clear                001792 REA    
tgi_setviewpage           001795 RLA    tgi_setdrawpage           001798 RLA    
tgi_setcolor              00179B RLA    tgi_setpalette            00179E RLA    
tgi_getdefpalette         0017A4 RLA    tgi_line                  0017AD RLA    
tgi_outtext               0017B6 RLA    tgi_irq                   0017B9  LAI   
tgi_libref                0017B9 RLA    _lynx_stdjoy_joy          0017BC RLA    
_joy_static_stddrv        0017BC RLA    _tgi_static_stddrv        0017CA RLA    
_lynx_160_102_16_tgi      0017CA RLA    __BSS_RUN__               00185A RLA    
___oserror                001875 RLA    ___errno                  001876 RLA    
_tgi_error                00187C RLA    _tgi_gmode                00187D RLA    
_tgi_curx                 00187E RLA    _tgi_cury                 001880 RLA    
_tgi_color                001882 RLA    _tgi_font                 001883 RLA    
_tgi_textdir              001884 RLA    _tgi_vectorfont           001885 RLA    
_tgi_textscalew           001887 RLA    _tgi_charwidth            00188B RLA    
_tgi_textscaleh           00188D RLA    _tgi_xmax                 001893 RLA    
_tgi_ymax                 001895 RLA    _tgi_xres                 001897 RLA    
_tgi_yres                 001899 RLA    _tgi_colorcount           00189B RLA    
_tgi_fontwidth            00189D RLA    _tgi_fontheight           00189E RLA    
_tgi_flags                0018A1 RLA    tgi_clip_x1               0018AA RLA    
tgi_clip_y1               0018AC RLA    tgi_clip_x2               0018AE RLA    
tgi_clip_y2               0018B0 RLA    __MAIN_SIZE__             00B5D3 REA    
__UPCODE_LOAD__           00BFD7 RLA    _UpLoaderIRQ2             00C00D  LAI   



Imports list:
-------------
_FileBlockByte (extzp.o):
    lynx-cart.o               lynx/extzp.inc:22
    bootldr.o                 lynx/extzp.inc:22
_FileBlockOffset (extzp.o):
    open.o                    lynx/open.s:30
    bootldr.o                 lynx/extzp.inc:17
_FileCurrBlock (extzp.o):
    lynx-cart.o               lynx/extzp.inc:21
    lseek.o                   lynx/lseek.s:22
    open.o                    lynx/open.s:29
    bootldr.o                 lynx/extzp.inc:21
    uploader.o                extzp.inc:25
_FileDestAddr (extzp.o):
    load.o                    lynx/load.s:11
    bootldr.o                 lynx/extzp.inc:19
    uploader.o                extzp.inc:23
_FileDestPtr (extzp.o):
    lynx-cart.o               lynx/extzp.inc:23
    read.o                    lynx/read.s:15
    bootldr.o                 lynx/extzp.inc:23
_FileEntry (extzp.o):
    open.o                    lynx/open.s:27
    bootldr.o                 lynx/extzp.inc:15
_FileFileLen (extzp.o):
    load.o                    lynx/load.s:10
    bootldr.o                 lynx/extzp.inc:20
    uploader.o                extzp.inc:24
_FileStartBlock (extzp.o):
    open.o                    lynx/open.s:28
    bootldr.o                 lynx/extzp.inc:16
_UPLOAD_FILENR (directory.o):
    main.o                    main.s:26
__BANK0BLOCKSIZE__ ([linker generated]):
    exehdr.o                  lynx/exehdr.s:6
    bootldr.o                 lynx/bootldr.s:8
__BANK1BLOCKSIZE__ ([linker generated]):
    exehdr.o                  lynx/exehdr.s:7
__BLOCKSIZE__ ([linker generated]):
    lynx-cart.o               lynx/lynx-cart.s:20
    lseek.o                   lynx/lseek.s:21
    directory.o               directory.asm:11
__BOOTLDR__ (bootldr.o):
    [linker generated]        lynx-uploader.cfg:8
__BSS_RUN__ ([linker generated]):
    zerobss.o                 common/zerobss.s:8
__BSS_SIZE__ ([linker generated]):
    zerobss.o                 common/zerobss.s:8
__CALLIRQ__ (callirq.o):
    tgi_irq.o                 lynx/tgi_irq.s:11
    uploader.o                uploader.asm:47
__CODE_SIZE__ ([linker generated]):
    directory.o               directory.asm:9
__CONSTRUCTOR_COUNT__ ([linker generated]):
    condes.o                  runtime/condes.s:18
__CONSTRUCTOR_TABLE__ ([linker generated]):
    condes.o                  runtime/condes.s:18
__DATA_SIZE__ ([linker generated]):
    directory.o               directory.asm:9
__DESTRUCTOR_COUNT__ ([linker generated]):
    condes.o                  runtime/condes.s:19
__DESTRUCTOR_TABLE__ ([linker generated]):
    condes.o                  runtime/condes.s:19
__EXEHDR__ (exehdr.o):
    [linker generated]        lynx-uploader.cfg:7
__INTERRUPTOR_COUNT__ ([linker generated]):
    callirq.o                 runtime/callirq.s:36
__INTERRUPTOR_TABLE__ ([linker generated]):
    callirq.o                 runtime/callirq.s:36
__LOWCODE_SIZE__ ([linker generated]):
    directory.o               directory.asm:10
__MAIN_SIZE__ ([linker generated]):
    crt0.o                    lynx/crt0.s:25
__MAIN_START__ ([linker generated]):
    crt0.o                    lynx/crt0.s:25
__ONCE_SIZE__ ([linker generated]):
    directory.o               directory.asm:10
__RODATA_SIZE__ ([linker generated]):
    directory.o               directory.asm:9
__STACKSIZE__ ([linker generated]):
    crt0.o                    lynx/crt0.s:25
    [linker generated]        lynx-uploader.cfg:16
__STARTOFDIRECTORY__ ([linker generated]):
    open.o                    lynx/open.s:31
    directory.o               directory.asm:6
    [linker generated]        lynx-uploader.cfg:14
__STARTUP_LOAD__ ([linker generated]):
    directory.o               directory.asm:12
__STARTUP_SIZE__ ([linker generated]):
    directory.o               directory.asm:10
__STARTUP__ (crt0.o):
    main.o                    main.s:13
__UPCODE_LOAD__ ([linker generated]):
    directory.o               directory.asm:20
__UPCODE_SIZE__ ([linker generated]):
    directory.o               directory.asm:19
__UPDATA_SIZE__ ([linker generated]):
    directory.o               directory.asm:21
___directerrno (_directerrno.o):
    open.o                    /sdk/cc65/asminc/errno.inc:10
___errno (errno.o):
    _seterrno.o               /sdk/cc65/asminc/errno.inc:7
___oserror (_oserror.o):
    _directerrno.o            /sdk/cc65/asminc/errno.inc:7
    open.o                    /sdk/cc65/asminc/errno.inc:7
___seterrno (_seterrno.o):
    _directerrno.o            /sdk/cc65/asminc/errno.inc:9
__ctype (ctype.o):
    ctypemask.o               common/ctypemask.s:23
__ctypeidx (ctype.o):
    ctypemask.o               common/ctypemask.s:24
__hextab (_hextab.o):
    itoa.o                    common/itoa.s:10
__iodat (extzp.o):
    lynx-cart.o               lynx/extzp.inc:11
    crt0.o                    lynx/extzp.inc:11
    bootldr.o                 lynx/extzp.inc:11
__iodir (extzp.o):
    crt0.o                    lynx/extzp.inc:12
__sprsys (extzp.o):
    lynx-160-102-16-tgi.o     lynx/tgi/../extzp.inc:14
    crt0.o                    lynx/extzp.inc:14
__viddma (extzp.o):
    lynx-160-102-16-tgi.o     lynx/tgi/../extzp.inc:13
    crt0.o                    lynx/extzp.inc:13
_atoi (atoi.o):
    open.o                    lynx/open.s:20
_exit (crt0.o):
    libref.o                  lynx/libref.s:6
_itoa (itoa.o):
    main.o                    main.s:25
_joy_install (joy-kernel.o):
    main.o                    main.s:23
_joy_read (joy_read.o):
    main.o                    main.s:24
_joy_static_stddrv (joy_stat_stddrv.o):
    main.o                    main.s:22
_lseek (lseek.o):
    open.o                    lynx/open.s:22
_lynx_160_102_16_tgi (lynx-160-102-16-tgi.o):
    tgi_stat_stddrv.o         lynx/tgi_stat_stddrv.s:10
_lynx_load (load.o):
    main.o                    main.s:14
_lynx_stdjoy_joy (lynx-stdjoy-joy.o):
    joy_stat_stddrv.o         lynx/joy_stat_stddrv.s:10
_main (main.o):
    callmain.o                runtime/callmain.s:11
_openn (open.o):
    load.o                    lynx/load.s:13
_read (read.o):
    open.o                    lynx/open.s:21
    load.o                    lynx/load.s:14
_strlen (strlen.o):
    tgi_gettextwidth.o        tgi/tgi_gettextwidth.s:10
_tgi_charwidth (tgi-kernel.o):
    tgi_gettextwidth.o        /sdk/cc65/asminc/tgi-kernel.inc:126
_tgi_clear (tgi_clear.o):
    main.o                    main.s:18
_tgi_color (tgi-kernel.o):
    tgi_setcolor.o            /sdk/cc65/asminc/tgi-kernel.inc:120
_tgi_colorcount (tgi-kernel.o):
    tgi_setcolor.o            /sdk/cc65/asminc/tgi-kernel.inc:132
_tgi_curx (tgi-kernel.o):
    tgi_curtoxy.o             /sdk/cc65/asminc/tgi-kernel.inc:118
    tgi_vectorchar.o          /sdk/cc65/asminc/tgi-kernel.inc:118
    tgi_outtext.o             /sdk/cc65/asminc/tgi-kernel.inc:118
    tgi_outtextxy.o           /sdk/cc65/asminc/tgi-kernel.inc:118
_tgi_cury (tgi-kernel.o):
    tgi_curtoxy.o             /sdk/cc65/asminc/tgi-kernel.inc:119
    tgi_outtextxy.o           /sdk/cc65/asminc/tgi-kernel.inc:119
_tgi_done (tgi_done.o):
    tgi_init.o                /sdk/cc65/asminc/tgi-kernel.inc:193
    tgi-kernel.o              /sdk/cc65/asminc/tgi-kernel.inc:193
_tgi_error (tgi-kernel.o):
    tgi_init.o                /sdk/cc65/asminc/tgi-kernel.inc:116
_tgi_flags (tgi-kernel.o):
    tgi_settextstyle.o        /sdk/cc65/asminc/tgi-kernel.inc:137
_tgi_font (tgi-kernel.o):
    tgi_gettextwidth.o        /sdk/cc65/asminc/tgi-kernel.inc:121
    tgi_outtext.o             /sdk/cc65/asminc/tgi-kernel.inc:121
    tgi_settextstyle.o        /sdk/cc65/asminc/tgi-kernel.inc:121
_tgi_fontheight (tgi-kernel.o):
    tgi_settextstyle.o        /sdk/cc65/asminc/tgi-kernel.inc:135
_tgi_fontwidth (tgi-kernel.o):
    tgi_settextstyle.o        /sdk/cc65/asminc/tgi-kernel.inc:134
_tgi_gettextwidth (tgi_gettextwidth.o):
    tgi_outtext.o             /sdk/cc65/asminc/tgi-kernel.inc:208
_tgi_getxres (tgi_getxres.o):
    tgi_init.o                /sdk/cc65/asminc/tgi-kernel.inc:209
_tgi_getyres (tgi_getyres.o):
    tgi_init.o                /sdk/cc65/asminc/tgi-kernel.inc:210
_tgi_gmode (tgi-kernel.o):
    tgi_init.o                /sdk/cc65/asminc/tgi-kernel.inc:117
    tgi_done.o                /sdk/cc65/asminc/tgi-kernel.inc:117
_tgi_init (tgi_init.o):
    main.o                    main.s:17
_tgi_install (tgi-kernel.o):
    main.o                    main.s:16
_tgi_ioctl (tgi_ioctl.o):
    main.o                    main.s:21
_tgi_outtext (tgi_outtext.o):
    tgi_outtextxy.o           /sdk/cc65/asminc/tgi-kernel.inc:220
_tgi_outtextxy (tgi_outtextxy.o):
    main.o                    main.s:20
_tgi_setcolor (tgi_setcolor.o):
    tgi_init.o                /sdk/cc65/asminc/tgi-kernel.inc:224
    main.o                    main.s:19
_tgi_settextstyle (tgi_settextstyle.o):
    tgi_init.o                /sdk/cc65/asminc/tgi-kernel.inc:230
_tgi_static_stddrv (tgi_stat_stddrv.o):
    main.o                    main.s:15
_tgi_textdir (tgi-kernel.o):
    tgi_vectorchar.o          /sdk/cc65/asminc/tgi-kernel.inc:122
    tgi_outtext.o             /sdk/cc65/asminc/tgi-kernel.inc:122
    tgi_settextstyle.o        /sdk/cc65/asminc/tgi-kernel.inc:122
_tgi_textscaleh (tgi-kernel.o):
    tgi_vectorchar.o          /sdk/cc65/asminc/tgi-kernel.inc:125
_tgi_textscalew (tgi-kernel.o):
    tgi_gettextwidth.o        /sdk/cc65/asminc/tgi-kernel.inc:124
    tgi_vectorchar.o          /sdk/cc65/asminc/tgi-kernel.inc:124
    tgi_outtext.o             /sdk/cc65/asminc/tgi-kernel.inc:124
    tgi_settextstyle.o        /sdk/cc65/asminc/tgi-kernel.inc:124
_tgi_vectorchar (tgi_vectorchar.o):
    tgi_outtext.o             /sdk/cc65/asminc/tgi-vectorfont.inc:67
_tgi_vectorfont (tgi-kernel.o):
    tgi_gettextwidth.o        /sdk/cc65/asminc/tgi-kernel.inc:123
    tgi_vectorchar.o          /sdk/cc65/asminc/tgi-kernel.inc:123
    tgi_outtext.o             /sdk/cc65/asminc/tgi-kernel.inc:123
_tgi_xmax (tgi-kernel.o):
    tgi_clippedline.o         /sdk/cc65/asminc/tgi-kernel.inc:130
    tgi_init.o                /sdk/cc65/asminc/tgi-kernel.inc:130
_tgi_xres (tgi-kernel.o):
    tgi_outcode.o             /sdk/cc65/asminc/tgi-kernel.inc:128
    tgi_getxres.o             /sdk/cc65/asminc/tgi-kernel.inc:128
_tgi_ymax (tgi-kernel.o):
    tgi_clippedline.o         /sdk/cc65/asminc/tgi-kernel.inc:131
    tgi_init.o                /sdk/cc65/asminc/tgi-kernel.inc:131
_tgi_yres (tgi-kernel.o):
    tgi_outcode.o             /sdk/cc65/asminc/tgi-kernel.inc:129
    tgi_getyres.o             /sdk/cc65/asminc/tgi-kernel.inc:129
_toascii (toascii.o):
    tgi_gettextwidth.o        tgi/tgi_gettextwidth.s:10
    tgi_outtext.o             tgi/tgi_outtext.s:12
addysp (addysp.o):
    incsp4.o                  runtime/incsp4.s:8
    incsp8.o                  runtime/incsp8.s:8
    incsp6.o                  runtime/incsp6.s:8
    open.o                    lynx/open.s:23
addysp1 (addysp.o):
    land.o                    runtime/land.s:9
    ladd.o                    runtime/ladd.s:8
    tgi_outtextxy.o           tgi/tgi_outtextxy.s:10
    itoa.o                    common/itoa.s:9
aslax3 (aslax3.o):
    open.o                    lynx/open.s:24
axlong (axlong.o):
    lseek.o                   lynx/lseek.s:19
    open.o                    lynx/open.s:24
callirq (callirq.o):
    irq.o                     lynx/irq.s:6
callmain (callmain.o):
    crt0.o                    lynx/crt0.s:23
ctypemaskdirect (ctypemask.o):
    atoi.o                    common/atoi.s:11
decax1 (decax1.o):
    tgi_init.o                tgi/tgi_init.s:11
decsp4 (decsp4.o):
    lpush.o                   runtime/lpush.s:12
decsp6 (decsp6.o):
    open.o                    lynx/open.s:23
doneirq (irq.o):
    callirq.o                 runtime/callirq.s:38
donelib (condes.o):
    crt0.o                    lynx/crt0.s:21
imul16x16r32 (imul16x16r32.o):
    tgi_imulround.o           tgi/tgi_imulround.s:14
incsp2 (incsp2.o):
    load.o                    lynx/load.s:12
incsp4 (incsp4.o):
    lpop.o                    runtime/lpop.s:9
incsp6 (incsp6.o):
    read.o                    lynx/read.s:17
incsp8 (incsp8.o):
    lseek.o                   lynx/lseek.s:18
    open.o                    lynx/open.s:24
initirq (irq.o):
    callirq.o                 runtime/callirq.s:37
initlib (condes.o):
    crt0.o                    lynx/crt0.s:21
joy_libref (libref.o):
    joy-kernel.o              joystick/joy-kernel.s:7
joy_read (joy-kernel.o):
    joy_read.o                /sdk/cc65/asminc/joy-kernel.inc:71
ldax0sp (ldaxsp.o):
    read.o                    lynx/read.s:17
    load.o                    lynx/load.s:12
ldaxysp (ldaxsp.o):
    read.o                    lynx/read.s:17
    open.o                    lynx/open.s:23
ldeaxysp (ldeaxysp.o):
    lseek.o                   lynx/lseek.s:18
lynxblock (lynx-cart.o):
    lseek.o                   lynx/lseek.s:20
    open.o                    lynx/open.s:26
lynxread0 (lynx-cart.o):
    read.o                    lynx/read.s:16
lynxskip0 (lynx-cart.o):
    lseek.o                   lynx/lseek.s:20
    open.o                    lynx/open.s:26
negax (negabs.o):
    imul16x16r32.o            runtime/imul16x16r32.s:8
    tgi_clippedline.o         tgi/tgi_clippedline.s:9
    tgi_outtext.o             tgi/tgi_outtext.s:13
negeax (lneg.o):
    imul16x16r32.o            runtime/imul16x16r32.s:8
    atoi.o                    common/atoi.s:9
popa (popa.o):
    tgi_settextstyle.o        tgi/tgi_settextstyle.s:10
    tgi_ioctl.o               tgi/tgi_ioctl.s:13
popax (incsp2.o):
    tgi_imulround.o           tgi/tgi_imulround.s:14
    tgi_settextstyle.o        tgi/tgi_settextstyle.s:10
    open.o                    lynx/open.s:23
popeax (lpop.o):
    lasr.o                    runtime/lasr.s:15
ptr1 (zeropage.o):
    imul16x16r32.o            /sdk/cc65/asminc/zeropage.inc:12
    umul16x16r32.o            /sdk/cc65/asminc/zeropage.inc:12
    udiv32by16r16.o           /sdk/cc65/asminc/zeropage.inc:12
    tgi_imulround.o           /sdk/cc65/asminc/zeropage.inc:12
    tgi_gettextwidth.o        /sdk/cc65/asminc/zeropage.inc:12
    tgi_curtoxy.o             tgi/tgi_curtoxy.s:9
    tgi_clippedline.o         /sdk/cc65/asminc/zeropage.inc:12
    tgi_vectorchar.o          /sdk/cc65/asminc/zeropage.inc:12
    tgi_outtext.o             /sdk/cc65/asminc/zeropage.inc:12
    atoi.o                    common/atoi.s:10
    lynx-160-102-16-tgi.o     /sdk/cc65/asminc/zeropage.inc:12
    zerobss.o                 common/zerobss.s:9
    umul8x16r24.o             /sdk/cc65/asminc/zeropage.inc:12
    tgi_settextstyle.o        /sdk/cc65/asminc/zeropage.inc:12
    tgi_ioctl.o               tgi/tgi_ioctl.s:14
    tgi_init.o                tgi/tgi_init.s:12
    tgi-kernel.o              tgi/tgi-kernel.s:8
    joy-kernel.o              joystick/joy-kernel.s:8
ptr2 (zeropage.o):
    strlen.o                  common/strlen.s:12
    udiv32by16r16.o           /sdk/cc65/asminc/zeropage.inc:12
    tgi_gettextwidth.o        /sdk/cc65/asminc/zeropage.inc:12
    tgi_curtoxy.o             tgi/tgi_curtoxy.s:9
    tgi_clippedline.o         /sdk/cc65/asminc/zeropage.inc:12
    atoi.o                    common/atoi.s:10
    lynx-160-102-16-tgi.o     /sdk/cc65/asminc/zeropage.inc:12
    itoa.o                    common/itoa.s:11
ptr3 (zeropage.o):
    imul16x16r32.o            /sdk/cc65/asminc/zeropage.inc:12
    umul16x16r32.o            /sdk/cc65/asminc/zeropage.inc:12
    udiv32by16r16.o           /sdk/cc65/asminc/zeropage.inc:12
    tgi_gettextwidth.o        /sdk/cc65/asminc/zeropage.inc:12
    tgi_outtext.o             /sdk/cc65/asminc/zeropage.inc:12
    lynx-160-102-16-tgi.o     /sdk/cc65/asminc/zeropage.inc:12
    umul8x16r24.o             /sdk/cc65/asminc/zeropage.inc:12
    itoa.o                    common/itoa.s:11
ptr4 (zeropage.o):
    lynx-160-102-16-tgi.o     /sdk/cc65/asminc/zeropage.inc:12
pusha (pusha.o):
    tgi_init.o                tgi/tgi_init.s:11
    main.o                    main.s:396
    main.o                    main.s:396
    main.o                    main.s:396
pusha0 (pushax.o):
    open.o                    lynx/open.s:23
    load.o                    lynx/load.s:12
    main.o                    main.s:396
    main.o                    main.s:396
pushax (pushax.o):
    lseek.o                   lynx/lseek.s:18
    callmain.o                runtime/callmain.s:11
    tgi_init.o                tgi/tgi_init.s:11
    read.o                    lynx/read.s:17
    open.o                    lynx/open.s:23
    load.o                    lynx/load.s:12
    main.o                    main.s:396
    main.o                    main.s:396
pusheax (lpush.o):
    lseek.o                   lynx/lseek.s:17
    open.o                    lynx/open.s:23
regbank (zeropage.o):
    tgi_vectorchar.o          /sdk/cc65/asminc/zeropage.inc:14
    tgi_outtext.o             /sdk/cc65/asminc/zeropage.inc:14
sp (zeropage.o):
    lpop.o                    runtime/lpop.s:10
    ldeaxysp.o                runtime/ldeaxysp.s:12
    land.o                    runtime/land.s:10
    decsp4.o                  runtime/decsp4.s:8
    popa.o                    runtime/popa.s:8
    lpush.o                   runtime/lpush.s:13
    ldaxsp.o                  runtime/ldaxsp.s:8
    ladd.o                    runtime/ladd.s:9
    incsp2.o                  runtime/incsp2.s:8
    decsp6.o                  runtime/decsp6.s:8
    addysp.o                  runtime/addysp.s:8
    tgi_outtextxy.o           tgi/tgi_outtextxy.s:11
    steaxsp.o                 runtime/steaxsp.s:8
    staxsp.o                  runtime/staxsp.s:8
    pushax.o                  runtime/pushax.s:8
    pusha.o                   runtime/pusha.s:8
    itoa.o                    common/itoa.s:11
    crt0.o                    /sdk/cc65/asminc/zeropage.inc:11
sreg (zeropage.o):
    umul16x16r32.o            /sdk/cc65/asminc/zeropage.inc:11
    udiv32by16r16.o           /sdk/cc65/asminc/zeropage.inc:11
    tgi_imulround.o           /sdk/cc65/asminc/zeropage.inc:11
    tgi_clippedline.o         /sdk/cc65/asminc/zeropage.inc:11
    lpop.o                    runtime/lpop.s:10
    ldeaxysp.o                runtime/ldeaxysp.s:12
    lasr.o                    runtime/lasr.s:16
    land.o                    runtime/land.s:10
    lpush.o                   runtime/lpush.s:13
    lneg.o                    runtime/lneg.s:11
    ladd.o                    runtime/ladd.s:9
    axlong.o                  runtime/axlong.s:9
    atoi.o                    common/atoi.s:10
    umul8x16r24.o             /sdk/cc65/asminc/zeropage.inc:11
    steaxsp.o                 runtime/steaxsp.s:8
    open.o                    lynx/open.s:18
    itoa.o                    common/itoa.s:11
stax0sp (staxsp.o):
    open.o                    lynx/open.s:24
steaxysp (steaxsp.o):
    open.o                    lynx/open.s:24
tgi_clear (tgi-kernel.o):
    tgi_clear.o               /sdk/cc65/asminc/tgi-kernel.inc:156
tgi_clip_x1 (tgi_outcode.o):
    tgi_clippedline.o         /sdk/cc65/asminc/tgi-kernel.inc:142
    tgi_vectorchar.o          /sdk/cc65/asminc/tgi-kernel.inc:142
tgi_clip_x2 (tgi_outcode.o):
    tgi_clippedline.o         /sdk/cc65/asminc/tgi-kernel.inc:144
tgi_clip_y1 (tgi_outcode.o):
    tgi_clippedline.o         /sdk/cc65/asminc/tgi-kernel.inc:143
tgi_clip_y2 (tgi_outcode.o):
    tgi_clippedline.o         /sdk/cc65/asminc/tgi-kernel.inc:145
tgi_clippedline (tgi_clippedline.o):
    tgi_vectorchar.o          /sdk/cc65/asminc/tgi-kernel.inc:174
tgi_color_white (tgi_colors.o):
    tgi_init.o                /sdk/cc65/asminc/tgi-kernel.inc:110
tgi_control (tgi-kernel.o):
    tgi_ioctl.o               /sdk/cc65/asminc/tgi-kernel.inc:155
tgi_curtoxy (tgi_curtoxy.o):
    tgi_outtext.o             /sdk/cc65/asminc/tgi-kernel.inc:175
tgi_done (tgi-kernel.o):
    tgi_done.o                /sdk/cc65/asminc/tgi-kernel.inc:153
tgi_getdefpalette (tgi-kernel.o):
    tgi_init.o                /sdk/cc65/asminc/tgi-kernel.inc:162
tgi_geterror (tgi-kernel.o):
    tgi_init.o                /sdk/cc65/asminc/tgi-kernel.inc:154
tgi_imulround (tgi_imulround.o):
    tgi_gettextwidth.o        /sdk/cc65/asminc/tgi-kernel.inc:177
    tgi_vectorchar.o          /sdk/cc65/asminc/tgi-kernel.inc:177
    tgi_outtext.o             /sdk/cc65/asminc/tgi-kernel.inc:177
tgi_init (tgi-kernel.o):
    tgi_init.o                /sdk/cc65/asminc/tgi-kernel.inc:152
tgi_inv_arg (tgi-kernel.o):
    tgi_setcolor.o            /sdk/cc65/asminc/tgi-kernel.inc:178
tgi_libref (tgi_irq.o):
    tgi-kernel.o              tgi/tgi-kernel.s:7
tgi_line (tgi-kernel.o):
    tgi_clippedline.o         /sdk/cc65/asminc/tgi-kernel.inc:165
tgi_outcode (tgi_outcode.o):
    tgi_clippedline.o         /sdk/cc65/asminc/tgi-kernel.inc:181
tgi_outtext (tgi-kernel.o):
    tgi_outtext.o             /sdk/cc65/asminc/tgi-kernel.inc:168
tgi_setcolor (tgi-kernel.o):
    tgi_setcolor.o            /sdk/cc65/asminc/tgi-kernel.inc:159
tgi_setdrawpage (tgi-kernel.o):
    tgi_init.o                /sdk/cc65/asminc/tgi-kernel.inc:158
tgi_setpalette (tgi-kernel.o):
    tgi_init.o                /sdk/cc65/asminc/tgi-kernel.inc:160
tgi_setviewpage (tgi-kernel.o):
    tgi_init.o                /sdk/cc65/asminc/tgi-kernel.inc:157
tmp1 (zeropage.o):
    imul16x16r32.o            /sdk/cc65/asminc/zeropage.inc:13
    tgi_outcode.o             /sdk/cc65/asminc/zeropage.inc:13
    tgi_clippedline.o         /sdk/cc65/asminc/zeropage.inc:13
    lasr.o                    runtime/lasr.s:16
    land.o                    runtime/land.s:10
    ladd.o                    runtime/ladd.s:9
    atoi.o                    common/atoi.s:10
    aslax3.o                  runtime/aslax3.s:8
    lynx-160-102-16-tgi.o     /sdk/cc65/asminc/zeropage.inc:13
    itoa.o                    common/itoa.s:11
    main.o                    main.s:11
tmp2 (zeropage.o):
    lynx-160-102-16-tgi.o     /sdk/cc65/asminc/zeropage.inc:13
tmp3 (zeropage.o):
    lynx-160-102-16-tgi.o     /sdk/cc65/asminc/zeropage.inc:13
    open.o                    lynx/open.s:18
tmp4 (zeropage.o):
    lynx-160-102-16-tgi.o     /sdk/cc65/asminc/zeropage.inc:13
tosaddeax (ladd.o):
    open.o                    lynx/open.s:24
tosandeax (land.o):
    lseek.o                   lynx/lseek.s:19
tosasreax (lasr.o):
    lseek.o                   lynx/lseek.s:20
udiv32by16r16 (udiv32by16r16.o):
    tgi_clippedline.o         tgi/tgi_clippedline.s:8
umul16x16r32 (umul16x16r32.o):
    tgi_clippedline.o         tgi/tgi_clippedline.s:8
umul16x16r32m (umul16x16r32.o):
    imul16x16r32.o            runtime/imul16x16r32.s:8
umul8x16r16 (umul8x16r24.o):
    tgi_gettextwidth.o        tgi/tgi_gettextwidth.s:11
umul8x16r24 (umul8x16r24.o):
    tgi_settextstyle.o        tgi/tgi_settextstyle.s:9
zerobss (zerobss.o):
    crt0.o                    lynx/crt0.s:22

