Modules list:
-------------
main.o:
    CODE              Offs=000000  Size=0000A4  Align=00001  Fill=0000
    RODATA            Offs=000000  Size=000012  Align=00001  Fill=0000
    BSS               Offs=000000  Size=000006  Align=00001  Fill=0000
turbo.o:
    CODE              Offs=0000A4  Size=000043  Align=00001  Fill=0000
/workspaces/cc65/lib/lynx.lib(addysp.o):
    CODE              Offs=0000E7  Size=00000E  Align=00001  Fill=0000
/workspaces/cc65/lib/lynx.lib(bootldr.o):
    BOOTLDR           Offs=000000  Size=0000CB  Align=00001  Fill=0000
/workspaces/cc65/lib/lynx.lib(callirq.o):
    DATA              Offs=000000  Size=00001E  Align=00001  Fill=0000
/workspaces/cc65/lib/lynx.lib(callmain.o):
    CODE              Offs=0000F5  Size=000017  Align=00001  Fill=0000
    DATA              Offs=00001E  Size=000004  Align=00001  Fill=0000
/workspaces/cc65/lib/lynx.lib(condes.o):
    CODE              Offs=00010C  Size=00000C  Align=00001  Fill=0000
    DATA              Offs=000022  Size=000025  Align=00001  Fill=0000
    ONCE              Offs=000000  Size=00000C  Align=00001  Fill=0000
/workspaces/cc65/lib/lynx.lib(crt0.o):
    RODATA            Offs=000012  Size=00002C  Align=00001  Fill=0000
    STARTUP           Offs=000000  Size=00006D  Align=00001  Fill=0000
/workspaces/cc65/lib/lynx.lib(decax1.o):
    CODE              Offs=000118  Size=000007  Align=00001  Fill=0000
/workspaces/cc65/lib/lynx.lib(defdir.o):
    DIRECTORY         Offs=000000  Size=000008  Align=00001  Fill=0000
/workspaces/cc65/lib/lynx.lib(exehdr.o):
    EXEHDR            Offs=000000  Size=000040  Align=00001  Fill=0000
/workspaces/cc65/lib/lynx.lib(extzp.o):
    EXTZP             Offs=000000  Size=000011  Align=00001  Fill=0000
/workspaces/cc65/lib/lynx.lib(imul16x16r32.o):
    CODE              Offs=00011F  Size=00002B  Align=00001  Fill=0000
/workspaces/cc65/lib/lynx.lib(incsp2.o):
    CODE              Offs=00014A  Size=000015  Align=00001  Fill=0000
/workspaces/cc65/lib/lynx.lib(irq.o):
    CODE              Offs=00015F  Size=000001  Align=00001  Fill=0000
    ONCE              Offs=00000C  Size=00000D  Align=00001  Fill=0000
    LOWCODE           Offs=000000  Size=000010  Align=00001  Fill=0000
/workspaces/cc65/lib/lynx.lib(joy-kernel.o):
    CODE              Offs=000160  Size=00004D  Align=00001  Fill=0000
    RODATA            Offs=00003E  Size=000004  Align=00001  Fill=0000
    BSS               Offs=000006  Size=000002  Align=00001  Fill=0000
    DATA              Offs=000047  Size=00000C  Align=00001  Fill=0000
/workspaces/cc65/lib/lynx.lib(joy_stat_stddrv.o):
/workspaces/cc65/lib/lynx.lib(libref.o):
/workspaces/cc65/lib/lynx.lib(lneg.o):
    CODE              Offs=0001AD  Size=00001E  Align=00001  Fill=0000
/workspaces/cc65/lib/lynx.lib(negabs.o):
    CODE              Offs=0001CB  Size=000012  Align=00001  Fill=0000
/workspaces/cc65/lib/lynx.lib(popa.o):
    CODE              Offs=0001DD  Size=00000A  Align=00001  Fill=0000
/workspaces/cc65/lib/lynx.lib(pusha.o):
    CODE              Offs=0001E7  Size=000016  Align=00001  Fill=0000
/workspaces/cc65/lib/lynx.lib(pushax.o):
    CODE              Offs=0001FD  Size=00001A  Align=00001  Fill=0000
/workspaces/cc65/lib/lynx.lib(strlen.o):
    CODE              Offs=000217  Size=000016  Align=00001  Fill=0000
/workspaces/cc65/lib/lynx.lib(tgi-kernel.o):
    CODE              Offs=00022D  Size=00007F  Align=00001  Fill=0000
    RODATA            Offs=000042  Size=000004  Align=00001  Fill=0000
    BSS               Offs=000008  Size=000028  Align=00001  Fill=0000
    DATA              Offs=000053  Size=000039  Align=00001  Fill=0000
/workspaces/cc65/lib/lynx.lib(tgi_clear.o):
/workspaces/cc65/lib/lynx.lib(tgi_clippedline.o):
    CODE              Offs=0002AC  Size=0001E3  Align=00001  Fill=0000
    BSS               Offs=000030  Size=000008  Align=00001  Fill=0000
/workspaces/cc65/lib/lynx.lib(tgi_colors.o):
/workspaces/cc65/lib/lynx.lib(tgi_curtoxy.o):
    CODE              Offs=00048F  Size=000015  Align=00001  Fill=0000
/workspaces/cc65/lib/lynx.lib(tgi_done.o):
    CODE              Offs=0004A4  Size=00000E  Align=00001  Fill=0000
/workspaces/cc65/lib/lynx.lib(tgi_gettextwidth.o):
    CODE              Offs=0004B2  Size=000057  Align=00001  Fill=0000
/workspaces/cc65/lib/lynx.lib(tgi_getxres.o):
    CODE              Offs=000509  Size=000007  Align=00001  Fill=0000
/workspaces/cc65/lib/lynx.lib(tgi_getyres.o):
    CODE              Offs=000510  Size=000007  Align=00001  Fill=0000
/workspaces/cc65/lib/lynx.lib(tgi_imulround.o):
    CODE              Offs=000517  Size=000025  Align=00001  Fill=0000
/workspaces/cc65/lib/lynx.lib(tgi_init.o):
    CODE              Offs=00053C  Size=000058  Align=00001  Fill=0000
/workspaces/cc65/lib/lynx.lib(tgi_ioctl.o):
    CODE              Offs=000594  Size=00000A  Align=00001  Fill=0000
/workspaces/cc65/lib/lynx.lib(tgi_irq.o):
    DATA              Offs=00008C  Size=000003  Align=00001  Fill=0000
/workspaces/cc65/lib/lynx.lib(tgi_outcode.o):
    CODE              Offs=00059E  Size=000041  Align=00001  Fill=0000
    BSS               Offs=000038  Size=000008  Align=00001  Fill=0000
/workspaces/cc65/lib/lynx.lib(tgi_outtext.o):
    CODE              Offs=0005DF  Size=000091  Align=00001  Fill=0000
/workspaces/cc65/lib/lynx.lib(tgi_outtextxy.o):
    CODE              Offs=000670  Size=000021  Align=00001  Fill=0000
/workspaces/cc65/lib/lynx.lib(tgi_setcolor.o):
    CODE              Offs=000691  Size=000013  Align=00001  Fill=0000
/workspaces/cc65/lib/lynx.lib(tgi_settextstyle.o):
    CODE              Offs=0006A4  Size=000042  Align=00001  Fill=0000
/workspaces/cc65/lib/lynx.lib(tgi_stat_stddrv.o):
/workspaces/cc65/lib/lynx.lib(tgi_vectorchar.o):
    CODE              Offs=0006E6  Size=0000D5  Align=00001  Fill=0000
    BSS               Offs=000040  Size=000008  Align=00001  Fill=0000
/workspaces/cc65/lib/lynx.lib(toascii.o):
    CODE              Offs=0007BB  Size=000003  Align=00001  Fill=0000
/workspaces/cc65/lib/lynx.lib(udiv32by16r16.o):
    CODE              Offs=0007BE  Size=000031  Align=00001  Fill=0000
/workspaces/cc65/lib/lynx.lib(umul16x16r32.o):
    CODE              Offs=0007EF  Size=00002C  Align=00001  Fill=0000
/workspaces/cc65/lib/lynx.lib(umul8x16r24.o):
    CODE              Offs=00081B  Size=00002B  Align=00001  Fill=0000
/workspaces/cc65/lib/lynx.lib(zerobss.o):
    CODE              Offs=000846  Size=000023  Align=00001  Fill=0000
/workspaces/cc65/lib/lynx.lib(zeropage.o):
    ZEROPAGE          Offs=000000  Size=00001A  Align=00001  Fill=0000
/workspaces/cc65/lib/lynx.lib(lynx-stdjoy-joy.o):
    CODE              Offs=000869  Size=000011  Align=00001  Fill=0000
    DATA              Offs=00008F  Size=00000E  Align=00001  Fill=0000
/workspaces/cc65/lib/lynx.lib(lynx-160-102-16-tgi.o):
    CODE              Offs=00087A  Size=00039E  Align=00001  Fill=0000
    RODATA            Offs=000046  Size=000324  Align=00001  Fill=0000
    BSS               Offs=000048  Size=0000BD  Align=00001  Fill=0000
    DATA              Offs=00009D  Size=000090  Align=00001  Fill=0000


Segment list:
-------------
Name                   Start     End    Size  Align
----------------------------------------------------
DIRECTORY             000000  000007  000008  00001
EXEHDR                000000  00003F  000040  00001
ZEROPAGE              000000  000019  00001A  00001
EXTZP                 00001A  00002A  000011  00001
BOOTLDR               000200  0002CA  0000CB  00001
STARTUP               000200  00026C  00006D  00001
LOWCODE               00026D  00027C  000010  00001
ONCE                  00027D  000297  00001B  00001
CODE                  000298  000EAF  000C18  00001
RODATA                000EB0  00121D  00036E  00001
DATA                  00121E  00134A  00012D  00001
BSS                   00134B  00144F  000105  00001


Exports list by name:
---------------------
_FileBlockByte            000027 RLZ    _FileBlockOffset          00001F RLZ    
_FileCurrBlock            000026 RLZ    _FileDestAddr             000022 RLZ    
_FileDestPtr              000029 RLZ    _FileEntry                00001E RLZ    
_FileFileLen              000024 RLZ    _FileStartBlock           00001E RLZ    
__BANK0BLOCKSIZE__        000400 REA    __BANK1BLOCKSIZE__        000000 REA    
__BOOTLDR__               000001 REA    __BSS_LOAD__              00134B RLA    
__BSS_RUN__               00134B RLA    __BSS_SIZE__              000105 REA    
__CALLIRQ__               000001 REA    __CONSTRUCTOR_COUNT__     000001 REA    
__CONSTRUCTOR_TABLE__     000296 RLA    __DEFDIR__                000001 REA    
__DESTRUCTOR_COUNT__      000001 REA    __DESTRUCTOR_TABLE__      00121A RLA    
__EXEHDR__                000001 REA    __INTERRUPTOR_COUNT__     000001 REA    
__INTERRUPTOR_TABLE__     00121C RLA    __MAIN_SIZE__             00B638 REA    
__MAIN_START__            000200 RLA    __STACKSIZE__             000800 REA    
__STARTOFDIRECTORY__      0000CB REA    __STARTUP_LOAD__          000200 RLA    
__STARTUP__               000001 REA    __iodat                   00001A RLZ    
__iodir                   00001B RLZ    __sprsys                  00001D RLZ    
__viddma                  00001C RLZ    _exit                     000268 RLA    
_joy_install              0003F8 RLA    _joy_static_stddrv        0012AD RLA    
_lynx_160_102_16_tgi      0012BB RLA    _lynx_stdjoy_joy          0012AD RLA    
_main                     000309 RLA    _strlen                   0004AF RLA    
_tgi_charwidth            001364 RLA    _tgi_clear                001283 REA    
_tgi_color                00135B RLA    _tgi_colorcount           001374 RLA    
_tgi_curx                 001357 RLA    _tgi_cury                 001359 RLA    
_tgi_done                 00073C RLA    _tgi_error                001355 RLA    
_tgi_flags                00137A RLA    _tgi_font                 00135C RLA    
_tgi_fontheight           001377 RLA    _tgi_fontwidth            001376 RLA    
_tgi_gettextwidth         00074A RLA    _tgi_getxres              0007A1 RLA    
_tgi_getyres              0007A8 RLA    _tgi_gmode                001356 RLA    
_tgi_init                 0007D4 RLA    _tgi_install              0004C5 RLA    
_tgi_ioctl                00082C RLA    _tgi_outtext              000877 RLA    
_tgi_outtextxy            000908 RLA    _tgi_setcolor             000929 RLA    
_tgi_settextstyle         00093C RLA    _tgi_static_stddrv        0012BB RLA    
_tgi_textdir              00135D RLA    _tgi_textscaleh           001366 RLA    
_tgi_textscalew           001360 RLA    _tgi_vectorchar           0009C0 RLA    
_tgi_vectorfont           00135E RLA    _tgi_xmax                 00136C RLA    
_tgi_xres                 001370 RLA    _tgi_ymax                 00136E RLA    
_tgi_yres                 001372 RLA    _toascii                  000A53 RLA    
_turbo_upload             00033C RLA    addysp1                   00037F RLA    
callirq                   00121E RLA    callmain                  00038D RLA    
decax1                    0003B0 RLA    doneirq                   0003F7 RLA    
donelib                   0003A4 RLA    imul16x16r32              0003B7 RLA    
initirq                   000289 RLA    initlib                   00027D RLA    
irq_done                  0003F7  LAI   irq_init                  000289  LAI   
joy_libref                000268 RLA    negax                     000467 RLA    
negeax                    000445 RLA    popa                      000475 RLA    
popax                     0003E2 RLA    ptr1                      000008 RLZ    
ptr2                      00000A RLZ    ptr3                      00000C RLZ    
ptr4                      00000E RLZ    push0                     000495 RLA    
pusha                     000483 RLA    pusha0                    000497 RLA    
pushax                    000499 RLA    regbank                   000014 RLZ    
sp                        000000 RLZ    sreg                      000002 RLZ    
tgi_clear                 001283 RLA    tgi_clip_x1               001383 RLA    
tgi_clip_x2               001387 RLA    tgi_clip_y1               001385 RLA    
tgi_clip_y2               001389 RLA    tgi_clippedline           000608 RLA    
tgi_color_white           00000F REZ    tgi_control               001280 RLA    
tgi_curtoxy               000727 RLA    tgi_done                  00127A RLA    
tgi_getdefpalette         001295 RLA    tgi_geterror              00127D RLA    
tgi_imulround             0007B6 RLA    tgi_init                  001277 RLA    
tgi_inv_arg               00051B RLA    tgi_irq                   0012AA  LAI   
tgi_libref                0012AA RLA    tgi_line                  00129E RLA    
tgi_outcode               000836 RLA    tgi_outtext               0012A7 RLA    
tgi_setcolor              00128C RLA    tgi_setdrawpage           001289 RLA    
tgi_setpalette            00128F RLA    tgi_setviewpage           001286 RLA    
tmp1                      000010 RLZ    tmp2                      000011 RLZ    
tmp3                      000012 RLZ    tmp4                      000013 RLZ    
udiv32by16r16             000A56 RLA    umul16x16r32              000A87 RLA    
umul16x16r32m             000A8B RLA    umul8x16r16               000AB3 RLA    
umul8x16r24               000AB3 RLA    zerobss                   000ADE RLA    



Exports list by value:
----------------------
sp                        000000 RLZ    __BANK1BLOCKSIZE__        000000 REA    
__STARTUP__               000001 REA    __DESTRUCTOR_COUNT__      000001 REA    
__CALLIRQ__               000001 REA    __CONSTRUCTOR_COUNT__     000001 REA    
__EXEHDR__                000001 REA    __BOOTLDR__               000001 REA    
__DEFDIR__                000001 REA    __INTERRUPTOR_COUNT__     000001 REA    
sreg                      000002 RLZ    ptr1                      000008 RLZ    
ptr2                      00000A RLZ    ptr3                      00000C RLZ    
ptr4                      00000E RLZ    tgi_color_white           00000F REZ    
tmp1                      000010 RLZ    tmp2                      000011 RLZ    
tmp3                      000012 RLZ    tmp4                      000013 RLZ    
regbank                   000014 RLZ    __iodat                   00001A RLZ    
__iodir                   00001B RLZ    __viddma                  00001C RLZ    
__sprsys                  00001D RLZ    _FileEntry                00001E RLZ    
_FileStartBlock           00001E RLZ    _FileBlockOffset          00001F RLZ    
_FileDestAddr             000022 RLZ    _FileFileLen              000024 RLZ    
_FileCurrBlock            000026 RLZ    _FileBlockByte            000027 RLZ    
_FileDestPtr              000029 RLZ    __STARTOFDIRECTORY__      0000CB REA    
__BSS_SIZE__              000105 REA    __MAIN_START__            000200 RLA    
__STARTUP_LOAD__          000200 RLA    joy_libref                000268 RLA    
_exit                     000268 RLA    initlib                   00027D RLA    
initirq                   000289 RLA    irq_init                  000289  LAI   
__CONSTRUCTOR_TABLE__     000296 RLA    _main                     000309 RLA    
_turbo_upload             00033C RLA    addysp1                   00037F RLA    
callmain                  00038D RLA    donelib                   0003A4 RLA    
decax1                    0003B0 RLA    imul16x16r32              0003B7 RLA    
popax                     0003E2 RLA    doneirq                   0003F7 RLA    
irq_done                  0003F7  LAI   _joy_install              0003F8 RLA    
__BANK0BLOCKSIZE__        000400 REA    negeax                    000445 RLA    
negax                     000467 RLA    popa                      000475 RLA    
pusha                     000483 RLA    push0                     000495 RLA    
pusha0                    000497 RLA    pushax                    000499 RLA    
_strlen                   0004AF RLA    _tgi_install              0004C5 RLA    
tgi_inv_arg               00051B RLA    tgi_clippedline           000608 RLA    
tgi_curtoxy               000727 RLA    _tgi_done                 00073C RLA    
_tgi_gettextwidth         00074A RLA    _tgi_getxres              0007A1 RLA    
_tgi_getyres              0007A8 RLA    tgi_imulround             0007B6 RLA    
_tgi_init                 0007D4 RLA    __STACKSIZE__             000800 REA    
_tgi_ioctl                00082C RLA    tgi_outcode               000836 RLA    
_tgi_outtext              000877 RLA    _tgi_outtextxy            000908 RLA    
_tgi_setcolor             000929 RLA    _tgi_settextstyle         00093C RLA    
_tgi_vectorchar           0009C0 RLA    _toascii                  000A53 RLA    
udiv32by16r16             000A56 RLA    umul16x16r32              000A87 RLA    
umul16x16r32m             000A8B RLA    umul8x16r24               000AB3 RLA    
umul8x16r16               000AB3 RLA    zerobss                   000ADE RLA    
__DESTRUCTOR_TABLE__      00121A RLA    __INTERRUPTOR_TABLE__     00121C RLA    
callirq                   00121E RLA    tgi_init                  001277 RLA    
tgi_done                  00127A RLA    tgi_geterror              00127D RLA    
tgi_control               001280 RLA    _tgi_clear                001283 REA    
tgi_clear                 001283 RLA    tgi_setviewpage           001286 RLA    
tgi_setdrawpage           001289 RLA    tgi_setcolor              00128C RLA    
tgi_setpalette            00128F RLA    tgi_getdefpalette         001295 RLA    
tgi_line                  00129E RLA    tgi_outtext               0012A7 RLA    
tgi_irq                   0012AA  LAI   tgi_libref                0012AA RLA    
_lynx_stdjoy_joy          0012AD RLA    _joy_static_stddrv        0012AD RLA    
_tgi_static_stddrv        0012BB RLA    _lynx_160_102_16_tgi      0012BB RLA    
__BSS_LOAD__              00134B RLA    __BSS_RUN__               00134B RLA    
_tgi_error                001355 RLA    _tgi_gmode                001356 RLA    
_tgi_curx                 001357 RLA    _tgi_cury                 001359 RLA    
_tgi_color                00135B RLA    _tgi_font                 00135C RLA    
_tgi_textdir              00135D RLA    _tgi_vectorfont           00135E RLA    
_tgi_textscalew           001360 RLA    _tgi_charwidth            001364 RLA    
_tgi_textscaleh           001366 RLA    _tgi_xmax                 00136C RLA    
_tgi_ymax                 00136E RLA    _tgi_xres                 001370 RLA    
_tgi_yres                 001372 RLA    _tgi_colorcount           001374 RLA    
_tgi_fontwidth            001376 RLA    _tgi_fontheight           001377 RLA    
_tgi_flags                00137A RLA    tgi_clip_x1               001383 RLA    
tgi_clip_y1               001385 RLA    tgi_clip_x2               001387 RLA    
tgi_clip_y2               001389 RLA    __MAIN_SIZE__             00B638 REA    



Imports list:
-------------
_FileBlockByte (extzp.o):
    bootldr.o                 lynx/extzp.inc:22
_FileBlockOffset (extzp.o):
    bootldr.o                 lynx/extzp.inc:17
_FileCurrBlock (extzp.o):
    bootldr.o                 lynx/extzp.inc:21
    turbo.o                   turbo.asm:5
_FileDestAddr (extzp.o):
    bootldr.o                 lynx/extzp.inc:19
    turbo.o                   turbo.asm:3
_FileDestPtr (extzp.o):
    bootldr.o                 lynx/extzp.inc:23
_FileEntry (extzp.o):
    bootldr.o                 lynx/extzp.inc:15
_FileFileLen (extzp.o):
    bootldr.o                 lynx/extzp.inc:20
    turbo.o                   turbo.asm:4
_FileStartBlock (extzp.o):
    bootldr.o                 lynx/extzp.inc:16
__BANK0BLOCKSIZE__ ([linker generated]):
    exehdr.o                  lynx/exehdr.s:6
    defdir.o                  lynx/defdir.s:10
    bootldr.o                 lynx/bootldr.s:8
__BANK1BLOCKSIZE__ ([linker generated]):
    exehdr.o                  lynx/exehdr.s:7
__BOOTLDR__ (bootldr.o):
    [linker generated]        /workspaces/cc65/cfg/lynx.cfg:7
__BSS_LOAD__ ([linker generated]):
    defdir.o                  lynx/defdir.s:9
__BSS_RUN__ ([linker generated]):
    zerobss.o                 common/zerobss.s:8
__BSS_SIZE__ ([linker generated]):
    zerobss.o                 common/zerobss.s:8
__CALLIRQ__ (callirq.o):
    tgi_irq.o                 lynx/tgi_irq.s:11
__CONSTRUCTOR_COUNT__ ([linker generated]):
    condes.o                  runtime/condes.s:18
__CONSTRUCTOR_TABLE__ ([linker generated]):
    condes.o                  runtime/condes.s:18
__DEFDIR__ (defdir.o):
    [linker generated]        /workspaces/cc65/cfg/lynx.cfg:8
__DESTRUCTOR_COUNT__ ([linker generated]):
    condes.o                  runtime/condes.s:19
__DESTRUCTOR_TABLE__ ([linker generated]):
    condes.o                  runtime/condes.s:19
__EXEHDR__ (exehdr.o):
    [linker generated]        /workspaces/cc65/cfg/lynx.cfg:6
__INTERRUPTOR_COUNT__ ([linker generated]):
    callirq.o                 runtime/callirq.s:36
__INTERRUPTOR_TABLE__ ([linker generated]):
    callirq.o                 runtime/callirq.s:36
__MAIN_SIZE__ ([linker generated]):
    crt0.o                    lynx/crt0.s:25
__MAIN_START__ ([linker generated]):
    defdir.o                  lynx/defdir.s:8
    crt0.o                    lynx/crt0.s:25
__STACKSIZE__ ([linker generated]):
    crt0.o                    lynx/crt0.s:25
    [linker generated]        /workspaces/cc65/cfg/lynx.cfg:15
__STARTOFDIRECTORY__ ([linker generated]):
    defdir.o                  lynx/defdir.s:7
    [linker generated]        /workspaces/cc65/cfg/lynx.cfg:13
__STARTUP_LOAD__ ([linker generated]):
    defdir.o                  lynx/defdir.s:9
__STARTUP__ (crt0.o):
    main.o                    main.s:13
__iodat (extzp.o):
    crt0.o                    lynx/extzp.inc:11
    bootldr.o                 lynx/extzp.inc:11
__iodir (extzp.o):
    crt0.o                    lynx/extzp.inc:12
__sprsys (extzp.o):
    lynx-160-102-16-tgi.o     lynx/tgi/../extzp.inc:14
    crt0.o                    lynx/extzp.inc:14
__viddma (extzp.o):
    lynx-160-102-16-tgi.o     lynx/tgi/../extzp.inc:13
    crt0.o                    lynx/extzp.inc:13
_exit (crt0.o):
    libref.o                  lynx/libref.s:6
_joy_install (joy-kernel.o):
    main.o                    main.s:22
_joy_static_stddrv (joy_stat_stddrv.o):
    main.o                    main.s:21
_lynx_160_102_16_tgi (lynx-160-102-16-tgi.o):
    tgi_stat_stddrv.o         lynx/tgi_stat_stddrv.s:10
_lynx_stdjoy_joy (lynx-stdjoy-joy.o):
    joy_stat_stddrv.o         lynx/joy_stat_stddrv.s:10
_main (main.o):
    callmain.o                runtime/callmain.s:11
_strlen (strlen.o):
    tgi_gettextwidth.o        tgi/tgi_gettextwidth.s:10
_tgi_charwidth (tgi-kernel.o):
    tgi_gettextwidth.o        /workspaces/cc65/asminc/tgi-kernel.inc:126
_tgi_clear (tgi_clear.o):
    main.o                    main.s:17
_tgi_color (tgi-kernel.o):
    tgi_setcolor.o            /workspaces/cc65/asminc/tgi-kernel.inc:120
_tgi_colorcount (tgi-kernel.o):
    tgi_setcolor.o            /workspaces/cc65/asminc/tgi-kernel.inc:132
_tgi_curx (tgi-kernel.o):
    tgi_curtoxy.o             /workspaces/cc65/asminc/tgi-kernel.inc:118
    tgi_vectorchar.o          /workspaces/cc65/asminc/tgi-kernel.inc:118
    tgi_outtext.o             /workspaces/cc65/asminc/tgi-kernel.inc:118
    tgi_outtextxy.o           /workspaces/cc65/asminc/tgi-kernel.inc:118
_tgi_cury (tgi-kernel.o):
    tgi_curtoxy.o             /workspaces/cc65/asminc/tgi-kernel.inc:119
    tgi_outtextxy.o           /workspaces/cc65/asminc/tgi-kernel.inc:119
_tgi_done (tgi_done.o):
    tgi_init.o                /workspaces/cc65/asminc/tgi-kernel.inc:193
    tgi-kernel.o              /workspaces/cc65/asminc/tgi-kernel.inc:193
_tgi_error (tgi-kernel.o):
    tgi_init.o                /workspaces/cc65/asminc/tgi-kernel.inc:116
_tgi_flags (tgi-kernel.o):
    tgi_settextstyle.o        /usr/share/cc65/asminc/tgi-kernel.inc:137
_tgi_font (tgi-kernel.o):
    tgi_gettextwidth.o        /workspaces/cc65/asminc/tgi-kernel.inc:121
    tgi_outtext.o             /workspaces/cc65/asminc/tgi-kernel.inc:121
    tgi_settextstyle.o        /usr/share/cc65/asminc/tgi-kernel.inc:121
_tgi_fontheight (tgi-kernel.o):
    tgi_settextstyle.o        /usr/share/cc65/asminc/tgi-kernel.inc:135
_tgi_fontwidth (tgi-kernel.o):
    tgi_settextstyle.o        /usr/share/cc65/asminc/tgi-kernel.inc:134
_tgi_gettextwidth (tgi_gettextwidth.o):
    tgi_outtext.o             /workspaces/cc65/asminc/tgi-kernel.inc:208
_tgi_getxres (tgi_getxres.o):
    tgi_init.o                /workspaces/cc65/asminc/tgi-kernel.inc:209
_tgi_getyres (tgi_getyres.o):
    tgi_init.o                /workspaces/cc65/asminc/tgi-kernel.inc:210
_tgi_gmode (tgi-kernel.o):
    tgi_init.o                /workspaces/cc65/asminc/tgi-kernel.inc:117
    tgi_done.o                /workspaces/cc65/asminc/tgi-kernel.inc:117
_tgi_init (tgi_init.o):
    main.o                    main.s:16
_tgi_install (tgi-kernel.o):
    main.o                    main.s:15
_tgi_ioctl (tgi_ioctl.o):
    main.o                    main.s:20
_tgi_outtext (tgi_outtext.o):
    tgi_outtextxy.o           /workspaces/cc65/asminc/tgi-kernel.inc:220
_tgi_outtextxy (tgi_outtextxy.o):
    main.o                    main.s:19
_tgi_setcolor (tgi_setcolor.o):
    tgi_init.o                /workspaces/cc65/asminc/tgi-kernel.inc:224
    main.o                    main.s:18
_tgi_settextstyle (tgi_settextstyle.o):
    tgi_init.o                /workspaces/cc65/asminc/tgi-kernel.inc:230
_tgi_static_stddrv (tgi_stat_stddrv.o):
    main.o                    main.s:14
_tgi_textdir (tgi-kernel.o):
    tgi_vectorchar.o          /workspaces/cc65/asminc/tgi-kernel.inc:122
    tgi_outtext.o             /workspaces/cc65/asminc/tgi-kernel.inc:122
    tgi_settextstyle.o        /usr/share/cc65/asminc/tgi-kernel.inc:122
_tgi_textscaleh (tgi-kernel.o):
    tgi_vectorchar.o          /workspaces/cc65/asminc/tgi-kernel.inc:125
_tgi_textscalew (tgi-kernel.o):
    tgi_gettextwidth.o        /workspaces/cc65/asminc/tgi-kernel.inc:124
    tgi_vectorchar.o          /workspaces/cc65/asminc/tgi-kernel.inc:124
    tgi_outtext.o             /workspaces/cc65/asminc/tgi-kernel.inc:124
    tgi_settextstyle.o        /usr/share/cc65/asminc/tgi-kernel.inc:124
_tgi_vectorchar (tgi_vectorchar.o):
    tgi_outtext.o             /workspaces/cc65/asminc/tgi-vectorfont.inc:67
_tgi_vectorfont (tgi-kernel.o):
    tgi_gettextwidth.o        /workspaces/cc65/asminc/tgi-kernel.inc:123
    tgi_vectorchar.o          /workspaces/cc65/asminc/tgi-kernel.inc:123
    tgi_outtext.o             /workspaces/cc65/asminc/tgi-kernel.inc:123
_tgi_xmax (tgi-kernel.o):
    tgi_clippedline.o         /workspaces/cc65/asminc/tgi-kernel.inc:130
    tgi_init.o                /workspaces/cc65/asminc/tgi-kernel.inc:130
_tgi_xres (tgi-kernel.o):
    tgi_outcode.o             /workspaces/cc65/asminc/tgi-kernel.inc:128
    tgi_getxres.o             /workspaces/cc65/asminc/tgi-kernel.inc:128
_tgi_ymax (tgi-kernel.o):
    tgi_clippedline.o         /workspaces/cc65/asminc/tgi-kernel.inc:131
    tgi_init.o                /workspaces/cc65/asminc/tgi-kernel.inc:131
_tgi_yres (tgi-kernel.o):
    tgi_outcode.o             /workspaces/cc65/asminc/tgi-kernel.inc:129
    tgi_getyres.o             /workspaces/cc65/asminc/tgi-kernel.inc:129
_toascii (toascii.o):
    tgi_gettextwidth.o        tgi/tgi_gettextwidth.s:10
    tgi_outtext.o             tgi/tgi_outtext.s:12
_turbo_upload (turbo.o):
    main.o                    main.s:23
addysp1 (addysp.o):
    tgi_outtextxy.o           tgi/tgi_outtextxy.s:10
callirq (callirq.o):
    irq.o                     lynx/irq.s:6
callmain (callmain.o):
    crt0.o                    lynx/crt0.s:23
decax1 (decax1.o):
    tgi_init.o                tgi/tgi_init.s:11
doneirq (irq.o):
    callirq.o                 runtime/callirq.s:38
donelib (condes.o):
    crt0.o                    lynx/crt0.s:21
imul16x16r32 (imul16x16r32.o):
    tgi_imulround.o           tgi/tgi_imulround.s:14
initirq (irq.o):
    callirq.o                 runtime/callirq.s:37
initlib (condes.o):
    crt0.o                    lynx/crt0.s:21
joy_libref (libref.o):
    joy-kernel.o              joystick/joy-kernel.s:7
negax (negabs.o):
    imul16x16r32.o            runtime/imul16x16r32.s:8
    tgi_clippedline.o         tgi/tgi_clippedline.s:9
    tgi_outtext.o             tgi/tgi_outtext.s:13
negeax (lneg.o):
    imul16x16r32.o            runtime/imul16x16r32.s:8
popa (popa.o):
    tgi_settextstyle.o        tgi/tgi_settextstyle.s:10
    tgi_ioctl.o               tgi/tgi_ioctl.s:13
popax (incsp2.o):
    tgi_imulround.o           tgi/tgi_imulround.s:14
    tgi_settextstyle.o        tgi/tgi_settextstyle.s:10
ptr1 (zeropage.o):
    imul16x16r32.o            /workspaces/cc65/asminc/zeropage.inc:12
    umul16x16r32.o            /workspaces/cc65/asminc/zeropage.inc:12
    udiv32by16r16.o           /workspaces/cc65/asminc/zeropage.inc:12
    tgi_imulround.o           /workspaces/cc65/asminc/zeropage.inc:12
    tgi_gettextwidth.o        /workspaces/cc65/asminc/zeropage.inc:12
    tgi_curtoxy.o             tgi/tgi_curtoxy.s:9
    tgi_clippedline.o         /workspaces/cc65/asminc/zeropage.inc:12
    tgi_vectorchar.o          /workspaces/cc65/asminc/zeropage.inc:12
    tgi_outtext.o             /workspaces/cc65/asminc/zeropage.inc:12
    lynx-160-102-16-tgi.o     /workspaces/cc65/asminc/zeropage.inc:12
    zerobss.o                 common/zerobss.s:9
    umul8x16r24.o             /usr/share/cc65/asminc/zeropage.inc:12
    tgi_settextstyle.o        /usr/share/cc65/asminc/zeropage.inc:12
    tgi_ioctl.o               tgi/tgi_ioctl.s:14
    tgi_init.o                tgi/tgi_init.s:12
    tgi-kernel.o              tgi/tgi-kernel.s:8
    joy-kernel.o              joystick/joy-kernel.s:8
ptr2 (zeropage.o):
    udiv32by16r16.o           /workspaces/cc65/asminc/zeropage.inc:12
    tgi_gettextwidth.o        /workspaces/cc65/asminc/zeropage.inc:12
    tgi_curtoxy.o             tgi/tgi_curtoxy.s:9
    tgi_clippedline.o         /workspaces/cc65/asminc/zeropage.inc:12
    lynx-160-102-16-tgi.o     /workspaces/cc65/asminc/zeropage.inc:12
ptr3 (zeropage.o):
    imul16x16r32.o            /workspaces/cc65/asminc/zeropage.inc:12
    umul16x16r32.o            /workspaces/cc65/asminc/zeropage.inc:12
    udiv32by16r16.o           /workspaces/cc65/asminc/zeropage.inc:12
    tgi_gettextwidth.o        /workspaces/cc65/asminc/zeropage.inc:12
    tgi_outtext.o             /workspaces/cc65/asminc/zeropage.inc:12
    lynx-160-102-16-tgi.o     /workspaces/cc65/asminc/zeropage.inc:12
    umul8x16r24.o             /usr/share/cc65/asminc/zeropage.inc:12
ptr4 (zeropage.o):
    strlen.o                  common/strlen.s:12
    lynx-160-102-16-tgi.o     /workspaces/cc65/asminc/zeropage.inc:12
push0 (pushax.o):
    main.o                    main.s:224
pusha (pusha.o):
    tgi_init.o                tgi/tgi_init.s:11
    main.o                    main.s:224
    main.o                    main.s:224
    main.o                    main.s:224
pusha0 (pushax.o):
    main.o                    main.s:224
pushax (pushax.o):
    callmain.o                runtime/callmain.s:11
    tgi_init.o                tgi/tgi_init.s:11
regbank (zeropage.o):
    tgi_vectorchar.o          /workspaces/cc65/asminc/zeropage.inc:14
    tgi_outtext.o             /workspaces/cc65/asminc/zeropage.inc:14
sp (zeropage.o):
    popa.o                    runtime/popa.s:8
    incsp2.o                  runtime/incsp2.s:8
    addysp.o                  runtime/addysp.s:8
    tgi_outtextxy.o           tgi/tgi_outtextxy.s:11
    pushax.o                  runtime/pushax.s:8
    pusha.o                   runtime/pusha.s:8
    crt0.o                    /workspaces/cc65/asminc/zeropage.inc:11
sreg (zeropage.o):
    lneg.o                    runtime/lneg.s:11
    umul16x16r32.o            /workspaces/cc65/asminc/zeropage.inc:11
    udiv32by16r16.o           /workspaces/cc65/asminc/zeropage.inc:11
    tgi_imulround.o           /workspaces/cc65/asminc/zeropage.inc:11
    tgi_clippedline.o         /workspaces/cc65/asminc/zeropage.inc:11
    umul8x16r24.o             /usr/share/cc65/asminc/zeropage.inc:11
tgi_clear (tgi-kernel.o):
    tgi_clear.o               /workspaces/cc65/asminc/tgi-kernel.inc:156
tgi_clip_x1 (tgi_outcode.o):
    tgi_clippedline.o         /workspaces/cc65/asminc/tgi-kernel.inc:142
    tgi_vectorchar.o          /workspaces/cc65/asminc/tgi-kernel.inc:142
tgi_clip_x2 (tgi_outcode.o):
    tgi_clippedline.o         /workspaces/cc65/asminc/tgi-kernel.inc:144
tgi_clip_y1 (tgi_outcode.o):
    tgi_clippedline.o         /workspaces/cc65/asminc/tgi-kernel.inc:143
tgi_clip_y2 (tgi_outcode.o):
    tgi_clippedline.o         /workspaces/cc65/asminc/tgi-kernel.inc:145
tgi_clippedline (tgi_clippedline.o):
    tgi_vectorchar.o          /workspaces/cc65/asminc/tgi-kernel.inc:174
tgi_color_white (tgi_colors.o):
    tgi_init.o                /workspaces/cc65/asminc/tgi-kernel.inc:110
tgi_control (tgi-kernel.o):
    tgi_ioctl.o               /workspaces/cc65/asminc/tgi-kernel.inc:155
tgi_curtoxy (tgi_curtoxy.o):
    tgi_outtext.o             /workspaces/cc65/asminc/tgi-kernel.inc:175
tgi_done (tgi-kernel.o):
    tgi_done.o                /workspaces/cc65/asminc/tgi-kernel.inc:153
tgi_getdefpalette (tgi-kernel.o):
    tgi_init.o                /workspaces/cc65/asminc/tgi-kernel.inc:162
tgi_geterror (tgi-kernel.o):
    tgi_init.o                /workspaces/cc65/asminc/tgi-kernel.inc:154
tgi_imulround (tgi_imulround.o):
    tgi_gettextwidth.o        /workspaces/cc65/asminc/tgi-kernel.inc:177
    tgi_vectorchar.o          /workspaces/cc65/asminc/tgi-kernel.inc:177
    tgi_outtext.o             /workspaces/cc65/asminc/tgi-kernel.inc:177
tgi_init (tgi-kernel.o):
    tgi_init.o                /workspaces/cc65/asminc/tgi-kernel.inc:152
tgi_inv_arg (tgi-kernel.o):
    tgi_setcolor.o            /workspaces/cc65/asminc/tgi-kernel.inc:178
tgi_libref (tgi_irq.o):
    tgi-kernel.o              tgi/tgi-kernel.s:7
tgi_line (tgi-kernel.o):
    tgi_clippedline.o         /workspaces/cc65/asminc/tgi-kernel.inc:165
tgi_outcode (tgi_outcode.o):
    tgi_clippedline.o         /workspaces/cc65/asminc/tgi-kernel.inc:181
tgi_outtext (tgi-kernel.o):
    tgi_outtext.o             /workspaces/cc65/asminc/tgi-kernel.inc:168
tgi_setcolor (tgi-kernel.o):
    tgi_setcolor.o            /workspaces/cc65/asminc/tgi-kernel.inc:159
tgi_setdrawpage (tgi-kernel.o):
    tgi_init.o                /workspaces/cc65/asminc/tgi-kernel.inc:158
tgi_setpalette (tgi-kernel.o):
    tgi_init.o                /workspaces/cc65/asminc/tgi-kernel.inc:160
tgi_setviewpage (tgi-kernel.o):
    tgi_init.o                /workspaces/cc65/asminc/tgi-kernel.inc:157
tmp1 (zeropage.o):
    imul16x16r32.o            /workspaces/cc65/asminc/zeropage.inc:13
    tgi_outcode.o             /workspaces/cc65/asminc/zeropage.inc:13
    tgi_clippedline.o         /workspaces/cc65/asminc/zeropage.inc:13
    lynx-160-102-16-tgi.o     /workspaces/cc65/asminc/zeropage.inc:13
    main.o                    main.s:11
tmp2 (zeropage.o):
    lynx-160-102-16-tgi.o     /workspaces/cc65/asminc/zeropage.inc:13
tmp3 (zeropage.o):
    lynx-160-102-16-tgi.o     /workspaces/cc65/asminc/zeropage.inc:13
tmp4 (zeropage.o):
    lynx-160-102-16-tgi.o     /workspaces/cc65/asminc/zeropage.inc:13
udiv32by16r16 (udiv32by16r16.o):
    tgi_clippedline.o         tgi/tgi_clippedline.s:8
umul16x16r32 (umul16x16r32.o):
    tgi_clippedline.o         tgi/tgi_clippedline.s:8
umul16x16r32m (umul16x16r32.o):
    imul16x16r32.o            runtime/imul16x16r32.s:8
umul8x16r16 (umul8x16r24.o):
    tgi_gettextwidth.o        tgi/tgi_gettextwidth.s:11
umul8x16r24 (umul8x16r24.o):
    tgi_settextstyle.o        tgi/tgi_settextstyle.s:9
zerobss (zerobss.o):
    crt0.o                    lynx/crt0.s:22

